Archive member included to satisfy reference by file (symbol)

c:/dev/micro/tools/arm-gnu-toolchain-11.3.rel1-mingw-w64-i686-arm-none-eabi/bin/../lib/gcc/arm-none-eabi/11.3.1/thumb/v7e-m+fp/hard\libc_nano.a(libc_a-exit.o)
                              c:/dev/micro/tools/arm-gnu-toolchain-11.3.rel1-mingw-w64-i686-arm-none-eabi/bin/../lib/gcc/arm-none-eabi/11.3.1/thumb/v7e-m+fp/hard/crt0.o (exit)
c:/dev/micro/tools/arm-gnu-toolchain-11.3.rel1-mingw-w64-i686-arm-none-eabi/bin/../lib/gcc/arm-none-eabi/11.3.1/thumb/v7e-m+fp/hard\libc_nano.a(libc_a-findfp.o)
                              c:/dev/micro/tools/arm-gnu-toolchain-11.3.rel1-mingw-w64-i686-arm-none-eabi/bin/../lib/gcc/arm-none-eabi/11.3.1/thumb/v7e-m+fp/hard\libc_nano.a(libc_a-exit.o) (__stdio_exit_handler)
c:/dev/micro/tools/arm-gnu-toolchain-11.3.rel1-mingw-w64-i686-arm-none-eabi/bin/../lib/gcc/arm-none-eabi/11.3.1/thumb/v7e-m+fp/hard\libc_nano.a(libc_a-fwalk.o)
                              c:/dev/micro/tools/arm-gnu-toolchain-11.3.rel1-mingw-w64-i686-arm-none-eabi/bin/../lib/gcc/arm-none-eabi/11.3.1/thumb/v7e-m+fp/hard\libc_nano.a(libc_a-findfp.o) (_fwalk_sglue)
c:/dev/micro/tools/arm-gnu-toolchain-11.3.rel1-mingw-w64-i686-arm-none-eabi/bin/../lib/gcc/arm-none-eabi/11.3.1/thumb/v7e-m+fp/hard\libc_nano.a(libc_a-stdio.o)
                              c:/dev/micro/tools/arm-gnu-toolchain-11.3.rel1-mingw-w64-i686-arm-none-eabi/bin/../lib/gcc/arm-none-eabi/11.3.1/thumb/v7e-m+fp/hard\libc_nano.a(libc_a-findfp.o) (__sread)
c:/dev/micro/tools/arm-gnu-toolchain-11.3.rel1-mingw-w64-i686-arm-none-eabi/bin/../lib/gcc/arm-none-eabi/11.3.1/thumb/v7e-m+fp/hard\libc_nano.a(libc_a-memset.o)
                              c:/dev/micro/tools/arm-gnu-toolchain-11.3.rel1-mingw-w64-i686-arm-none-eabi/bin/../lib/gcc/arm-none-eabi/11.3.1/thumb/v7e-m+fp/hard/crt0.o (memset)
c:/dev/micro/tools/arm-gnu-toolchain-11.3.rel1-mingw-w64-i686-arm-none-eabi/bin/../lib/gcc/arm-none-eabi/11.3.1/thumb/v7e-m+fp/hard\libc_nano.a(libc_a-closer.o)
                              c:/dev/micro/tools/arm-gnu-toolchain-11.3.rel1-mingw-w64-i686-arm-none-eabi/bin/../lib/gcc/arm-none-eabi/11.3.1/thumb/v7e-m+fp/hard\libc_nano.a(libc_a-stdio.o) (_close_r)
c:/dev/micro/tools/arm-gnu-toolchain-11.3.rel1-mingw-w64-i686-arm-none-eabi/bin/../lib/gcc/arm-none-eabi/11.3.1/thumb/v7e-m+fp/hard\libc_nano.a(libc_a-reent.o)
                              c:/dev/micro/tools/arm-gnu-toolchain-11.3.rel1-mingw-w64-i686-arm-none-eabi/bin/../lib/gcc/arm-none-eabi/11.3.1/thumb/v7e-m+fp/hard\libc_nano.a(libc_a-closer.o) (errno)
c:/dev/micro/tools/arm-gnu-toolchain-11.3.rel1-mingw-w64-i686-arm-none-eabi/bin/../lib/gcc/arm-none-eabi/11.3.1/thumb/v7e-m+fp/hard\libc_nano.a(libc_a-impure.o)
                              c:/dev/micro/tools/arm-gnu-toolchain-11.3.rel1-mingw-w64-i686-arm-none-eabi/bin/../lib/gcc/arm-none-eabi/11.3.1/thumb/v7e-m+fp/hard\libc_nano.a(libc_a-reent.o) (_impure_ptr)
c:/dev/micro/tools/arm-gnu-toolchain-11.3.rel1-mingw-w64-i686-arm-none-eabi/bin/../lib/gcc/arm-none-eabi/11.3.1/thumb/v7e-m+fp/hard\libc_nano.a(libc_a-lseekr.o)
                              c:/dev/micro/tools/arm-gnu-toolchain-11.3.rel1-mingw-w64-i686-arm-none-eabi/bin/../lib/gcc/arm-none-eabi/11.3.1/thumb/v7e-m+fp/hard\libc_nano.a(libc_a-stdio.o) (_lseek_r)
c:/dev/micro/tools/arm-gnu-toolchain-11.3.rel1-mingw-w64-i686-arm-none-eabi/bin/../lib/gcc/arm-none-eabi/11.3.1/thumb/v7e-m+fp/hard\libc_nano.a(libc_a-readr.o)
                              c:/dev/micro/tools/arm-gnu-toolchain-11.3.rel1-mingw-w64-i686-arm-none-eabi/bin/../lib/gcc/arm-none-eabi/11.3.1/thumb/v7e-m+fp/hard\libc_nano.a(libc_a-stdio.o) (_read_r)
c:/dev/micro/tools/arm-gnu-toolchain-11.3.rel1-mingw-w64-i686-arm-none-eabi/bin/../lib/gcc/arm-none-eabi/11.3.1/thumb/v7e-m+fp/hard\libc_nano.a(libc_a-writer.o)
                              c:/dev/micro/tools/arm-gnu-toolchain-11.3.rel1-mingw-w64-i686-arm-none-eabi/bin/../lib/gcc/arm-none-eabi/11.3.1/thumb/v7e-m+fp/hard\libc_nano.a(libc_a-stdio.o) (_write_r)
c:/dev/micro/tools/arm-gnu-toolchain-11.3.rel1-mingw-w64-i686-arm-none-eabi/bin/../lib/gcc/arm-none-eabi/11.3.1/thumb/v7e-m+fp/hard\libc_nano.a(libc_a-init.o)
                              c:/dev/micro/tools/arm-gnu-toolchain-11.3.rel1-mingw-w64-i686-arm-none-eabi/bin/../lib/gcc/arm-none-eabi/11.3.1/thumb/v7e-m+fp/hard/crt0.o (__libc_init_array)
c:/dev/micro/tools/arm-gnu-toolchain-11.3.rel1-mingw-w64-i686-arm-none-eabi/bin/../lib/gcc/arm-none-eabi/11.3.1/thumb/v7e-m+fp/hard\libc_nano.a(libc_a-lock.o)
                              c:/dev/micro/tools/arm-gnu-toolchain-11.3.rel1-mingw-w64-i686-arm-none-eabi/bin/../lib/gcc/arm-none-eabi/11.3.1/thumb/v7e-m+fp/hard\libc_nano.a(libc_a-findfp.o) (__retarget_lock_init_recursive)
c:/dev/micro/tools/arm-gnu-toolchain-11.3.rel1-mingw-w64-i686-arm-none-eabi/bin/../lib/gcc/arm-none-eabi/11.3.1/thumb/v7e-m+fp/hard\libc_nano.a(libc_a-freer.o)
[...]
Memory Configuration

Name             Origin             Length             Attributes
RAM              0x20000000         0x00020000         xrw
FLASH            0x08000000         0x00080000         xr
*default*        0x00000000         0xffffffff

Linker script and memory map

LOAD c:/dev/micro/tools/arm-gnu-toolchain-11.3.rel1-mingw-w64-i686-arm-none-eabi/bin/../lib/gcc/arm-none-eabi/11.3.1/thumb/v7e-m+fp/hard/crti.o
LOAD c:/dev/micro/tools/arm-gnu-toolchain-11.3.rel1-mingw-w64-i686-arm-none-eabi/bin/../lib/gcc/arm-none-eabi/11.3.1/thumb/v7e-m+fp/hard/crtbegin.o
LOAD c:/dev/micro/tools/arm-gnu-toolchain-11.3.rel1-mingw-w64-i686-arm-none-eabi/bin/../lib/gcc/arm-none-eabi/11.3.1/thumb/v7e-m+fp/hard/crt0.o
LOAD build/main.o
LOAD build/stm32f4xx_it.o
LOAD build/stm32f4xx_hal_msp.o
LOAD build/stm32f4xx_hal_tim.o
LOAD build/stm32f4xx_hal_tim_ex.o
LOAD build/stm32f4xx_hal_rcc.o
LOAD build/stm32f4xx_hal_rcc_ex.o
LOAD build/stm32f4xx_hal_flash.o
LOAD build/stm32f4xx_hal_flash_ex.o
LOAD build/stm32f4xx_hal_flash_ramfunc.o
LOAD build/stm32f4xx_hal_gpio.o
LOAD build/stm32f4xx_hal_dma_ex.o
LOAD build/stm32f4xx_hal_dma.o
LOAD build/stm32f4xx_hal_pwr.o
LOAD build/stm32f4xx_hal_pwr_ex.o
LOAD build/stm32f4xx_hal_cortex.o
LOAD build/stm32f4xx_hal.o
LOAD build/stm32f4xx_hal_exti.o
LOAD build/system_stm32f4xx.o
LOAD build/startup_stm32f411xe.o
LOAD c:/dev/micro/tools/arm-gnu-toolchain-11.3.rel1-mingw-w64-i686-arm-none-eabi/bin/../lib/gcc/arm-none-eabi/11.3.1/thumb/v7e-m+fp/hard\libc_nano.a
LOAD c:/dev/micro/tools/arm-gnu-toolchain-11.3.rel1-mingw-w64-i686-arm-none-eabi/bin/../lib/gcc/arm-none-eabi/11.3.1/thumb/v7e-m+fp/hard\libm.a
LOAD c:/dev/micro/tools/arm-gnu-toolchain-11.3.rel1-mingw-w64-i686-arm-none-eabi/bin/../lib/gcc/arm-none-eabi/11.3.1/thumb/v7e-m+fp/hard\libnosys.a
START GROUP
LOAD c:/dev/micro/tools/arm-gnu-toolchain-11.3.rel1-mingw-w64-i686-arm-none-eabi/bin/../lib/gcc/arm-none-eabi/11.3.1/thumb/v7e-m+fp/hard\libgcc.a
LOAD c:/dev/micro/tools/arm-gnu-toolchain-11.3.rel1-mingw-w64-i686-arm-none-eabi/bin/../lib/gcc/arm-none-eabi/11.3.1/thumb/v7e-m+fp/hard\libc_nano.a
END GROUP
START GROUP
LOAD c:/dev/micro/tools/arm-gnu-toolchain-11.3.rel1-mingw-w64-i686-arm-none-eabi/bin/../lib/gcc/arm-none-eabi/11.3.1/thumb/v7e-m+fp/hard\libgcc.a
LOAD c:/dev/micro/tools/arm-gnu-toolchain-11.3.rel1-mingw-w64-i686-arm-none-eabi/bin/../lib/gcc/arm-none-eabi/11.3.1/thumb/v7e-m+fp/hard\libc_nano.a
END GROUP
LOAD c:/dev/micro/tools/arm-gnu-toolchain-11.3.rel1-mingw-w64-i686-arm-none-eabi/bin/../lib/gcc/arm-none-eabi/11.3.1/thumb/v7e-m+fp/hard/crtend.o
LOAD c:/dev/micro/tools/arm-gnu-toolchain-11.3.rel1-mingw-w64-i686-arm-none-eabi/bin/../lib/gcc/arm-none-eabi/11.3.1/thumb/v7e-m+fp/hard/crtn.o
                0x20020000                _estack = 0x20020000
                0x00000200                _Min_Heap_Size = 0x200
                0x00000400                _Min_Stack_Size = 0x400

.isr_vector     0x08000000      0x198
                0x08000000                . = ALIGN (0x4)
 *(.isr_vector)
 .isr_vector    0x08000000      0x198 build/startup_stm32f411xe.o
                0x08000000                g_pfnVectors
                0x08000198                . = ALIGN (0x4)

.text           0x08000198      0xa2c
                0x08000198                . = ALIGN (0x4)
 *(.text)
 *(.text*)
 .text.deregister_tm_clones
                0x08000198       0x1c c:/dev/micro/tools/arm-gnu-toolchain-11.3.rel1-mingw-w64-i686-arm-none-eabi/bin/../lib/gcc/arm-none-eabi/11.3.1/thumb/v7e-m+fp/hard/crtbegin.o
 .text.register_tm_clones
                0x080001b4       0x24 c:/dev/micro/tools/arm-gnu-toolchain-11.3.rel1-mingw-w64-i686-arm-none-eabi/bin/../lib/gcc/arm-none-eabi/11.3.1/thumb/v7e-m+fp/hard/crtbegin.o
 .text.__do_global_dtors_aux
                0x080001d8       0x28 c:/dev/micro/tools/arm-gnu-toolchain-11.3.rel1-mingw-w64-i686-arm-none-eabi/bin/../lib/gcc/arm-none-eabi/11.3.1/thumb/v7e-m+fp/hard/crtbegin.o
 .text.frame_dummy
                0x08000200       0x24 c:/dev/micro/tools/arm-gnu-toolchain-11.3.rel1-mingw-w64-i686-arm-none-eabi/bin/../lib/gcc/arm-none-eabi/11.3.1/thumb/v7e-m+fp/hard/crtbegin.o
 .text.main     0x08000224       0x70 build/main.o
                0x08000224                main
 .text.update_leds
                0x08000294       0x90 build/main.o
                0x08000294                update_leds
 .text.MX_GPIO_Init
                0x08000324       0xf4 build/main.o
 .text.SystemClock_Config
                0x08000418        0xe build/main.o
                0x08000418                SystemClock_Config
 .text.NMI_Handler
                0x08000426        0x6 build/stm32f4xx_it.o
                0x08000426                NMI_Handler
 .text.HardFault_Handler
                0x0800042c        0x6 build/stm32f4xx_it.o
                0x0800042c                HardFault_Handler
 .text.MemManage_Handler
                0x08000432        0x6 build/stm32f4xx_it.o
                0x08000432                MemManage_Handler
 .text.BusFault_Handler
                0x08000438        0x6 build/stm32f4xx_it.o
                0x08000438                BusFault_Handler
 .text.UsageFault_Handler
                0x0800043e        0x6 build/stm32f4xx_it.o
                0x0800043e                UsageFault_Handler
 .text.SVC_Handler
                0x08000444        0xe build/stm32f4xx_it.o
                0x08000444                SVC_Handler
 .text.DebugMon_Handler
                0x08000452        0xe build/stm32f4xx_it.o
                0x08000452                DebugMon_Handler
 .text.PendSV_Handler
                0x08000460        0xe build/stm32f4xx_it.o
                0x08000460                PendSV_Handler
 .text.SysTick_Handler
                0x0800046e        0xc build/stm32f4xx_it.o
                0x0800046e                SysTick_Handler
 *fill*         0x0800047a        0x2 
 .text.HAL_MspInit
                0x0800047c       0x50 build/stm32f4xx_hal_msp.o
                0x0800047c                HAL_MspInit
 .text.HAL_GPIO_Init
                0x080004cc      0x308 build/stm32f4xx_hal_gpio.o
                0x080004cc                HAL_GPIO_Init
 .text.HAL_GPIO_WritePin
                0x080007d4       0x32 build/stm32f4xx_hal_gpio.o
                0x080007d4                HAL_GPIO_WritePin
 .text.HAL_GPIO_TogglePin
                0x08000806       0x34 build/stm32f4xx_hal_gpio.o
                0x08000806                HAL_GPIO_TogglePin
 *fill*         0x0800083a        0x2 
 .text.__NVIC_SetPriorityGrouping
                0x0800083c       0x48 build/stm32f4xx_hal_cortex.o
 .text.__NVIC_GetPriorityGrouping
                0x08000884       0x1c build/stm32f4xx_hal_cortex.o
 .text.__NVIC_SetPriority
                0x080008a0       0x54 build/stm32f4xx_hal_cortex.o
 .text.NVIC_EncodePriority
                0x080008f4       0x66 build/stm32f4xx_hal_cortex.o
 *fill*         0x0800095a        0x2 
 .text.SysTick_Config
                0x0800095c       0x44 build/stm32f4xx_hal_cortex.o
 .text.HAL_NVIC_SetPriorityGrouping
                0x080009a0       0x16 build/stm32f4xx_hal_cortex.o
                0x080009a0                HAL_NVIC_SetPriorityGrouping
 .text.HAL_NVIC_SetPriority
                0x080009b6       0x38 build/stm32f4xx_hal_cortex.o
                0x080009b6                HAL_NVIC_SetPriority
 .text.HAL_SYSTICK_Config
                0x080009ee       0x18 build/stm32f4xx_hal_cortex.o
                0x080009ee                HAL_SYSTICK_Config
 *fill*         0x08000a06        0x2 
 .text.HAL_Init
                0x08000a08       0x44 build/stm32f4xx_hal.o
                0x08000a08                HAL_Init
 .text.HAL_InitTick
                0x08000a4c       0x60 build/stm32f4xx_hal.o
                0x08000a4c                HAL_InitTick
 .text.HAL_IncTick
                0x08000aac       0x28 build/stm32f4xx_hal.o
                0x08000aac                HAL_IncTick
 .text.HAL_GetTick
                0x08000ad4       0x18 build/stm32f4xx_hal.o
                0x08000ad4                HAL_GetTick
 .text.SystemInit
                0x08000aec       0x24 build/system_stm32f4xx.o
                0x08000aec                SystemInit
 .text.Reset_Handler
                0x08000b10       0x50 build/startup_stm32f411xe.o
                0x08000b10                Reset_Handler
 .text.Default_Handler
                0x08000b60        0x2 build/startup_stm32f411xe.o
                0x08000b60                RTC_Alarm_IRQHandler
                0x08000b60                EXTI2_IRQHandler
                0x08000b60                SPI4_IRQHandler
                0x08000b60                TIM1_CC_IRQHandler
                0x08000b60                DMA2_Stream5_IRQHandler
                0x08000b60                DMA1_Stream5_IRQHandler
                0x08000b60                PVD_IRQHandler
                0x08000b60                SDIO_IRQHandler
                0x08000b60                TAMP_STAMP_IRQHandler
                0x08000b60                EXTI3_IRQHandler
                0x08000b60                TIM1_UP_TIM10_IRQHandler
                0x08000b60                I2C3_ER_IRQHandler
                0x08000b60                EXTI0_IRQHandler
                0x08000b60                I2C2_EV_IRQHandler
                0x08000b60                DMA1_Stream2_IRQHandler
                0x08000b60                FPU_IRQHandler
                0x08000b60                DMA2_Stream2_IRQHandler
                0x08000b60                SPI1_IRQHandler
                0x08000b60                TIM1_BRK_TIM9_IRQHandler
                0x08000b60                DMA2_Stream3_IRQHandler
                0x08000b60                USART6_IRQHandler
                0x08000b60                DMA2_Stream0_IRQHandler
                0x08000b60                TIM4_IRQHandler
                0x08000b60                I2C1_EV_IRQHandler
                0x08000b60                DMA1_Stream6_IRQHandler
                0x08000b60                DMA1_Stream1_IRQHandler
                0x08000b60                TIM3_IRQHandler
                0x08000b60                RCC_IRQHandler
                0x08000b60                Default_Handler
                0x08000b60                EXTI15_10_IRQHandler
                0x08000b60                ADC_IRQHandler
                0x08000b60                DMA1_Stream7_IRQHandler
                0x08000b60                SPI5_IRQHandler
                0x08000b60                TIM5_IRQHandler
                0x08000b60                DMA2_Stream7_IRQHandler
                0x08000b60                I2C3_EV_IRQHandler
                0x08000b60                EXTI9_5_IRQHandler
                0x08000b60                RTC_WKUP_IRQHandler
                0x08000b60                SPI2_IRQHandler
                0x08000b60                DMA1_Stream0_IRQHandler
                0x08000b60                EXTI4_IRQHandler
                0x08000b60                WWDG_IRQHandler
                0x08000b60                TIM2_IRQHandler
                0x08000b60                OTG_FS_WKUP_IRQHandler
                0x08000b60                TIM1_TRG_COM_TIM11_IRQHandler
                0x08000b60                EXTI1_IRQHandler
                0x08000b60                USART2_IRQHandler
                0x08000b60                I2C2_ER_IRQHandler
                0x08000b60                DMA2_Stream1_IRQHandler
                0x08000b60                FLASH_IRQHandler
                0x08000b60                DMA2_Stream4_IRQHandler
                0x08000b60                USART1_IRQHandler
                0x08000b60                OTG_FS_IRQHandler
                0x08000b60                SPI3_IRQHandler
                0x08000b60                DMA1_Stream4_IRQHandler
                0x08000b60                I2C1_ER_IRQHandler
                0x08000b60                DMA2_Stream6_IRQHandler
                0x08000b60                DMA1_Stream3_IRQHandler
 *fill*         0x08000b62        0x2 
 .text.__libc_init_array
                0x08000b64       0x48 c:/dev/micro/tools/arm-gnu-toolchain-11.3.rel1-mingw-w64-i686-arm-none-eabi/bin/../lib/gcc/arm-none-eabi/11.3.1/thumb/v7e-m+fp/hard\libc_nano.a(libc_a-init.o)
                0x08000b64                __libc_init_array
 *(.glue_7)
 .glue_7        0x08000bac        0x0 linker stubs
 *(.glue_7t)
 .glue_7t       0x08000bac        0x0 linker stubs
 *(.eh_frame)
 .eh_frame      0x08000bac        0x0 c:/dev/micro/tools/arm-gnu-toolchain-11.3.rel1-mingw-w64-i686-arm-none-eabi/bin/../lib/gcc/arm-none-eabi/11.3.1/thumb/v7e-m+fp/hard/crtbegin.o
 *(.init)
 .init          0x08000bac        0x4 c:/dev/micro/tools/arm-gnu-toolchain-11.3.rel1-mingw-w64-i686-arm-none-eabi/bin/../lib/gcc/arm-none-eabi/11.3.1/thumb/v7e-m+fp/hard/crti.o
                0x08000bac                _init
 .init          0x08000bb0        0x8 c:/dev/micro/tools/arm-gnu-toolchain-11.3.rel1-mingw-w64-i686-arm-none-eabi/bin/../lib/gcc/arm-none-eabi/11.3.1/thumb/v7e-m+fp/hard/crtn.o
 *(.fini)
 .fini          0x08000bb8        0x4 c:/dev/micro/tools/arm-gnu-toolchain-11.3.rel1-mingw-w64-i686-arm-none-eabi/bin/../lib/gcc/arm-none-eabi/11.3.1/thumb/v7e-m+fp/hard/crti.o
                0x08000bb8                _fini
 .fini          0x08000bbc        0x8 c:/dev/micro/tools/arm-gnu-toolchain-11.3.rel1-mingw-w64-i686-arm-none-eabi/bin/../lib/gcc/arm-none-eabi/11.3.1/thumb/v7e-m+fp/hard/crtn.o
                0x08000bc4                . = ALIGN (0x4)
                0x08000bc4                _etext = .

.vfp11_veneer   0x08000bc4        0x0
 .vfp11_veneer  0x08000bc4        0x0 linker stubs

.v4_bx          0x08000bc4        0x0
 .v4_bx         0x08000bc4        0x0 linker stubs

.iplt           0x08000bc4        0x0
 .iplt          0x08000bc4        0x0 c:/dev/micro/tools/arm-gnu-toolchain-11.3.rel1-mingw-w64-i686-arm-none-eabi/bin/../lib/gcc/arm-none-eabi/11.3.1/thumb/v7e-m+fp/hard/crtbegin.o

.rel.dyn        0x08000bc4        0x0
 .rel.iplt      0x08000bc4        0x0 c:/dev/micro/tools/arm-gnu-toolchain-11.3.rel1-mingw-w64-i686-arm-none-eabi/bin/../lib/gcc/arm-none-eabi/11.3.1/thumb/v7e-m+fp/hard/crtbegin.o

.rodata         0x08000bc4        0x0
                0x08000bc4                . = ALIGN (0x4)
 *(.rodata)
 *(.rodata*)
                0x08000bc4                . = ALIGN (0x4)

.ARM.extab
 *(.ARM.extab* .gnu.linkonce.armextab.*)

.ARM            0x08000bc4        0x0
                0x08000bc4                __exidx_start = .
 *(.ARM.exidx*)
                0x08000bc4                __exidx_end = .

.preinit_array  0x08000bc4        0x0
                0x08000bc4                PROVIDE (__preinit_array_start = .)
 *(.preinit_array*)
                0x08000bc4                PROVIDE (__preinit_array_end = .)

.init_array     0x08000bc4        0x4
                0x08000bc4                PROVIDE (__init_array_start = .)
 *(SORT_BY_NAME(.init_array.*))
 *(.init_array*)
 .init_array    0x08000bc4        0x4 c:/dev/micro/tools/arm-gnu-toolchain-11.3.rel1-mingw-w64-i686-arm-none-eabi/bin/../lib/gcc/arm-none-eabi/11.3.1/thumb/v7e-m+fp/hard/crtbegin.o
                0x08000bc8                PROVIDE (__init_array_end = .)

.fini_array     0x08000bc8        0x4
                [!provide]                PROVIDE (__fini_array_start = .)
 *(SORT_BY_NAME(.fini_array.*))
 *(.fini_array*)
 .fini_array    0x08000bc8        0x4 c:/dev/micro/tools/arm-gnu-toolchain-11.3.rel1-mingw-w64-i686-arm-none-eabi/bin/../lib/gcc/arm-none-eabi/11.3.1/thumb/v7e-m+fp/hard/crtbegin.o
                [!provide]                PROVIDE (__fini_array_end = .)
                0x08000bcc                _sidata = LOADADDR (.data)

.data           0x20000000        0xc load address 0x08000bcc
                0x20000000                . = ALIGN (0x4)
                0x20000000                _sdata = .
 *(.data)
 *(.data*)
 .data.uwTickPrio
                0x20000000        0x4 build/stm32f4xx_hal.o
                0x20000000                uwTickPrio
 .data.uwTickFreq
                0x20000004        0x1 build/stm32f4xx_hal.o
                0x20000004                uwTickFreq
 *fill*         0x20000005        0x3 
 .data.SystemCoreClock
                0x20000008        0x4 build/system_stm32f4xx.o
                0x20000008                SystemCoreClock
                0x2000000c                . = ALIGN (0x4)
                0x2000000c                _edata = .

.tm_clone_table
                0x2000000c        0x0 load address 0x08000bd8
 .tm_clone_table
                0x2000000c        0x0 c:/dev/micro/tools/arm-gnu-toolchain-11.3.rel1-mingw-w64-i686-arm-none-eabi/bin/../lib/gcc/arm-none-eabi/11.3.1/thumb/v7e-m+fp/hard/crtbegin.o
 .tm_clone_table
                0x2000000c        0x0 c:/dev/micro/tools/arm-gnu-toolchain-11.3.rel1-mingw-w64-i686-arm-none-eabi/bin/../lib/gcc/arm-none-eabi/11.3.1/thumb/v7e-m+fp/hard/crtend.o

.igot.plt       0x2000000c        0x0 load address 0x08000bd8
 .igot.plt      0x2000000c        0x0 c:/dev/micro/tools/arm-gnu-toolchain-11.3.rel1-mingw-w64-i686-arm-none-eabi/bin/../lib/gcc/arm-none-eabi/11.3.1/thumb/v7e-m+fp/hard/crtbegin.o
                0x2000000c                . = ALIGN (0x4)

.bss            0x2000000c       0x24 load address 0x08000bd8
                0x2000000c                _sbss = .
                0x2000000c                __bss_start__ = _sbss
 *(.bss)
 *(.bss*)
 .bss.completed.1
                0x2000000c        0x1 c:/dev/micro/tools/arm-gnu-toolchain-11.3.rel1-mingw-w64-i686-arm-none-eabi/bin/../lib/gcc/arm-none-eabi/11.3.1/thumb/v7e-m+fp/hard/crtbegin.o
 *fill*         0x2000000d        0x3 
 .bss.object.0  0x20000010       0x18 c:/dev/micro/tools/arm-gnu-toolchain-11.3.rel1-mingw-w64-i686-arm-none-eabi/bin/../lib/gcc/arm-none-eabi/11.3.1/thumb/v7e-m+fp/hard/crtbegin.o
 .bss.counter   0x20000028        0x1 build/main.o
                0x20000028                counter
 *fill*         0x20000029        0x3 
 .bss.uwTick    0x2000002c        0x4 build/stm32f4xx_hal.o
                0x2000002c                uwTick
 *(COMMON)
                0x20000030                . = ALIGN (0x4)
                0x20000030                _ebss = .
                0x20000030                __bss_end__ = _ebss

._user_heap_stack
                0x20000030      0x600 load address 0x08000bd8
                0x20000030                . = ALIGN (0x8)
                0x20000030                PROVIDE (end = .)
                [!provide]                PROVIDE (_end = .)
                0x20000230                . = (. + _Min_Heap_Size)
 *fill*         0x20000030      0x200 
                0x20000630                . = (. + _Min_Stack_Size)
 *fill*         0x20000230      0x400 
                0x20000630                . = ALIGN (0x8)

/DISCARD/
 libc.a(*)
 libm.a(*)
 libgcc.a(*)

.ARM.attributes
                0x00000000       0x30
 *(.ARM.attributes)
 .ARM.attributes
                0x00000000       0x1e c:/dev/micro/tools/arm-gnu-toolchain-11.3.rel1-mingw-w64-i686-arm-none-eabi/bin/../lib/gcc/arm-none-eabi/11.3.1/thumb/v7e-m+fp/hard/crti.o
 .ARM.attributes
                0x0000001e       0x34 c:/dev/micro/tools/arm-gnu-toolchain-11.3.rel1-mingw-w64-i686-arm-none-eabi/bin/../lib/gcc/arm-none-eabi/11.3.1/thumb/v7e-m+fp/hard/crtbegin.o
 .ARM.attributes
                0x00000052       0x34 build/main.o
 .ARM.attributes
                0x00000086       0x34 build/stm32f4xx_it.o
 .ARM.attributes
                0x000000ba       0x34 build/stm32f4xx_hal_msp.o
 .ARM.attributes
                0x000000ee       0x34 build/stm32f4xx_hal_gpio.o
 .ARM.attributes
                0x00000122       0x34 build/stm32f4xx_hal_cortex.o
 .ARM.attributes
                0x00000156       0x34 build/stm32f4xx_hal.o
 .ARM.attributes
                0x0000018a       0x34 build/system_stm32f4xx.o
 .ARM.attributes
                0x000001be       0x21 build/startup_stm32f411xe.o
 .ARM.attributes
                0x000001df       0x34 c:/dev/micro/tools/arm-gnu-toolchain-11.3.rel1-mingw-w64-i686-arm-none-eabi/bin/../lib/gcc/arm-none-eabi/11.3.1/thumb/v7e-m+fp/hard\libc_nano.a(libc_a-init.o)
 .ARM.attributes
                0x00000213       0x34 c:/dev/micro/tools/arm-gnu-toolchain-11.3.rel1-mingw-w64-i686-arm-none-eabi/bin/../lib/gcc/arm-none-eabi/11.3.1/thumb/v7e-m+fp/hard/crtend.o
 .ARM.attributes
                0x00000247       0x1e c:/dev/micro/tools/arm-gnu-toolchain-11.3.rel1-mingw-w64-i686-arm-none-eabi/bin/../lib/gcc/arm-none-eabi/11.3.1/thumb/v7e-m+fp/hard/crtn.o
OUTPUT(build/helloblackpillSTM32F411CEUx.elf elf32-littlearm)
LOAD linker stubs
LOAD c:/dev/micro/tools/arm-gnu-toolchain-11.3.rel1-mingw-w64-i686-arm-none-eabi/bin/../lib/gcc/arm-none-eabi/11.3.1/thumb/v7e-m+fp/hard\libc.a
LOAD c:/dev/micro/tools/arm-gnu-toolchain-11.3.rel1-mingw-w64-i686-arm-none-eabi/bin/../lib/gcc/arm-none-eabi/11.3.1/thumb/v7e-m+fp/hard\libm.a
LOAD c:/dev/micro/tools/arm-gnu-toolchain-11.3.rel1-mingw-w64-i686-arm-none-eabi/bin/../lib/gcc/arm-none-eabi/11.3.1/thumb/v7e-m+fp/hard\libgcc.a

.comment        0x00000000       0x33
 .comment       0x00000000       0x33 c:/dev/micro/tools/arm-gnu-toolchain-11.3.rel1-mingw-w64-i686-arm-none-eabi/bin/../lib/gcc/arm-none-eabi/11.3.1/thumb/v7e-m+fp/hard/crtbegin.o
                                 0x34 (size before relaxing)
 .comment       0x00000033       0x34 build/main.o
 .comment       0x00000033       0x34 build/stm32f4xx_it.o
 .comment       0x00000033       0x34 build/stm32f4xx_hal_msp.o
 .comment       0x00000033       0x34 build/stm32f4xx_hal_gpio.o
 .comment       0x00000033       0x34 build/stm32f4xx_hal_cortex.o
 .comment       0x00000033       0x34 build/stm32f4xx_hal.o
 .comment       0x00000033       0x34 build/system_stm32f4xx.o
 .comment       0x00000033       0x34 c:/dev/micro/tools/arm-gnu-toolchain-11.3.rel1-mingw-w64-i686-arm-none-eabi/bin/../lib/gcc/arm-none-eabi/11.3.1/thumb/v7e-m+fp/hard\libc_nano.a(libc_a-init.o)
 .comment       0x00000033       0x34 c:/dev/micro/tools/arm-gnu-toolchain-11.3.rel1-mingw-w64-i686-arm-none-eabi/bin/../lib/gcc/arm-none-eabi/11.3.1/thumb/v7e-m+fp/hard/crtend.o

.debug_info     0x00000000     0x32d1
 .debug_info    0x00000000      0x699 build/main.o
 .debug_info    0x00000699      0x151 build/stm32f4xx_it.o
 .debug_info    0x000007ea      0x31d build/stm32f4xx_hal_msp.o
 .debug_info    0x00000b07      0x82c build/stm32f4xx_hal_gpio.o
 .debug_info    0x00001333      0xe9c build/stm32f4xx_hal_cortex.o
 .debug_info    0x000021cf      0xa07 build/stm32f4xx_hal.o
 .debug_info    0x00002bd6      0x5ce build/system_stm32f4xx.o
 .debug_info    0x000031a4       0x22 build/startup_stm32f411xe.o
 .debug_info    0x000031c6      0x10b c:/dev/micro/tools/arm-gnu-toolchain-11.3.rel1-mingw-w64-i686-arm-none-eabi/bin/../lib/gcc/arm-none-eabi/11.3.1/thumb/v7e-m+fp/hard\libc_nano.a(libc_a-init.o)

.debug_abbrev   0x00000000      0xc20
 .debug_abbrev  0x00000000      0x1f7 build/main.o
 .debug_abbrev  0x000001f7       0x73 build/stm32f4xx_it.o
 .debug_abbrev  0x0000026a       0xd3 build/stm32f4xx_hal_msp.o
 .debug_abbrev  0x0000033d      0x1c3 build/stm32f4xx_hal_gpio.o
 .debug_abbrev  0x00000500      0x2f3 build/stm32f4xx_hal_cortex.o
 .debug_abbrev  0x000007f3      0x23d build/stm32f4xx_hal.o
 .debug_abbrev  0x00000a30      0x115 build/system_stm32f4xx.o
 .debug_abbrev  0x00000b45       0x12 build/startup_stm32f411xe.o
 .debug_abbrev  0x00000b57       0xc9 c:/dev/micro/tools/arm-gnu-toolchain-11.3.rel1-mingw-w64-i686-arm-none-eabi/bin/../lib/gcc/arm-none-eabi/11.3.1/thumb/v7e-m+fp/hard\libc_nano.a(libc_a-init.o)

.debug_loc      0x00000000     0x17d4
 .debug_loc     0x00000000      0x11c build/main.o
 .debug_loc     0x0000011c      0x1d4 build/stm32f4xx_it.o
 .debug_loc     0x000002f0       0x5c build/stm32f4xx_hal_msp.o
 .debug_loc     0x0000034c      0x2d4 build/stm32f4xx_hal_gpio.o
 .debug_loc     0x00000620      0x9f4 build/stm32f4xx_hal_cortex.o
 .debug_loc     0x00001014      0x720 build/stm32f4xx_hal.o
 .debug_loc     0x00001734       0xa0 build/system_stm32f4xx.o

.debug_aranges  0x00000000      0x388
 .debug_aranges
                0x00000000       0x38 build/main.o
 .debug_aranges
                0x00000038       0x60 build/stm32f4xx_it.o
 .debug_aranges
                0x00000098       0x20 build/stm32f4xx_hal_msp.o
 .debug_aranges
                0x000000b8       0x58 build/stm32f4xx_hal_gpio.o
 .debug_aranges
                0x00000110      0x118 build/stm32f4xx_hal_cortex.o
 .debug_aranges
                0x00000228       0xf0 build/stm32f4xx_hal.o
 .debug_aranges
                0x00000318       0x28 build/system_stm32f4xx.o
 .debug_aranges
                0x00000340       0x28 build/startup_stm32f411xe.o
 .debug_aranges
                0x00000368       0x20 c:/dev/micro/tools/arm-gnu-toolchain-11.3.rel1-mingw-w64-i686-arm-none-eabi/bin/../lib/gcc/arm-none-eabi/11.3.1/thumb/v7e-m+fp/hard\libc_nano.a(libc_a-init.o)

.debug_ranges   0x00000000      0x2f0
 .debug_ranges  0x00000000       0x28 build/main.o
 .debug_ranges  0x00000028       0x50 build/stm32f4xx_it.o
 .debug_ranges  0x00000078       0x10 build/stm32f4xx_hal_msp.o
 .debug_ranges  0x00000088       0x48 build/stm32f4xx_hal_gpio.o
 .debug_ranges  0x000000d0      0x108 build/stm32f4xx_hal_cortex.o
 .debug_ranges  0x000001d8       0xe0 build/stm32f4xx_hal.o
 .debug_ranges  0x000002b8       0x18 build/system_stm32f4xx.o
 .debug_ranges  0x000002d0       0x20 build/startup_stm32f411xe.o

.debug_line     0x00000000     0x1c76
 .debug_line    0x00000000      0x2b5 build/main.o
 .debug_line    0x000002b5      0x13a build/stm32f4xx_it.o
 .debug_line    0x000003ef      0x181 build/stm32f4xx_hal_msp.o
 .debug_line    0x00000570      0x60a build/stm32f4xx_hal_gpio.o
 .debug_line    0x00000b7a      0x79f build/stm32f4xx_hal_cortex.o
 .debug_line    0x00001319      0x521 build/stm32f4xx_hal.o
 .debug_line    0x0000183a      0x247 build/system_stm32f4xx.o
 .debug_line    0x00001a81       0x76 build/startup_stm32f411xe.o
 .debug_line    0x00001af7      0x17f c:/dev/micro/tools/arm-gnu-toolchain-11.3.rel1-mingw-w64-i686-arm-none-eabi/bin/../lib/gcc/arm-none-eabi/11.3.1/thumb/v7e-m+fp/hard\libc_nano.a(libc_a-init.o)

.debug_str      0x00000000     0x148b
 .debug_str     0x00000000      0x410 build/main.o
                                0x479 (size before relaxing)
 .debug_str     0x00000410      0x10b build/stm32f4xx_it.o
                                0x236 (size before relaxing)
 .debug_str     0x0000051b       0x29 build/stm32f4xx_hal_msp.o
                                0x2d4 (size before relaxing)
 .debug_str     0x00000544      0x114 build/stm32f4xx_hal_gpio.o
                                0x4f9 (size before relaxing)
 .debug_str     0x00000658      0x8c2 build/stm32f4xx_hal_cortex.o
                                0xadb (size before relaxing)
 .debug_str     0x00000f1a      0x303 build/stm32f4xx_hal.o
                                0xa25 (size before relaxing)
 .debug_str     0x0000121d       0x74 build/system_stm32f4xx.o
                                0x38e (size before relaxing)
 .debug_str     0x00001291       0x22 build/startup_stm32f411xe.o
                                 0x79 (size before relaxing)
 .debug_str     0x000012b3      0x1d8 c:/dev/micro/tools/arm-gnu-toolchain-11.3.rel1-mingw-w64-i686-arm-none-eabi/bin/../lib/gcc/arm-none-eabi/11.3.1/thumb/v7e-m+fp/hard\libc_nano.a(libc_a-init.o)
                                0x26d (size before relaxing)

.debug_frame    0x00000000      0xbb0
 .debug_frame   0x00000000       0x98 build/main.o
 .debug_frame   0x00000098      0x104 build/stm32f4xx_it.o
 .debug_frame   0x0000019c       0x38 build/stm32f4xx_hal_msp.o
 .debug_frame   0x000001d4      0x14c build/stm32f4xx_hal_gpio.o
 .debug_frame   0x00000320      0x498 build/stm32f4xx_hal_cortex.o
 .debug_frame   0x000007b8      0x374 build/stm32f4xx_hal.o
 .debug_frame   0x00000b2c       0x58 build/system_stm32f4xx.o
 .debug_frame   0x00000b84       0x2c c:/dev/micro/tools/arm-gnu-toolchain-11.3.rel1-mingw-w64-i686-arm-none-eabi/bin/../lib/gcc/arm-none-eabi/11.3.1/thumb/v7e-m+fp/hard\libc_nano.a(libc_a-init.o)

.debug_loclists
                0x00000000       0x44
 .debug_loclists
                0x00000000       0x44 c:/dev/micro/tools/arm-gnu-toolchain-11.3.rel1-mingw-w64-i686-arm-none-eabi/bin/../lib/gcc/arm-none-eabi/11.3.1/thumb/v7e-m+fp/hard\libc_nano.a(libc_a-init.o)

.debug_rnglists
                0x00000000       0x13
 .debug_rnglists
                0x00000000       0x13 c:/dev/micro/tools/arm-gnu-toolchain-11.3.rel1-mingw-w64-i686-arm-none-eabi/bin/../lib/gcc/arm-none-eabi/11.3.1/thumb/v7e-m+fp/hard\libc_nano.a(libc_a-init.o)

Cross Reference Table

Symbol                                            File
ADC_IRQHandler                                    build/startup_stm32f411xe.o
AHBPrescTable                                     build/system_stm32f4xx.o
                                                  build/stm32f4xx_hal_rcc.o
APBPrescTable                                     build/system_stm32f4xx.o
                                                  build/stm32f4xx_hal_rcc.o
BusFault_Handler                                  build/stm32f4xx_it.o
DMA1_Stream0_IRQHandler                           build/startup_stm32f411xe.o
DMA1_Stream1_IRQHandler                           build/startup_stm32f411xe.o
DMA1_Stream2_IRQHandler                           build/startup_stm32f411xe.o
DMA1_Stream3_IRQHandler                           build/startup_stm32f411xe.o
DMA1_Stream4_IRQHandler                           build/startup_stm32f411xe.o
DMA1_Stream5_IRQHandler                           build/startup_stm32f411xe.o
DMA1_Stream6_IRQHandler                           build/startup_stm32f411xe.o
DMA1_Stream7_IRQHandler                           build/startup_stm32f411xe.o
DMA2_Stream0_IRQHandler                           build/startup_stm32f411xe.o
DMA2_Stream1_IRQHandler                           build/startup_stm32f411xe.o
DMA2_Stream2_IRQHandler                           build/startup_stm32f411xe.o
DMA2_Stream3_IRQHandler                           build/startup_stm32f411xe.o
DMA2_Stream4_IRQHandler                           build/startup_stm32f411xe.o
DMA2_Stream5_IRQHandler                           build/startup_stm32f411xe.o
DMA2_Stream6_IRQHandler                           build/startup_stm32f411xe.o
DMA2_Stream7_IRQHandler                           build/startup_stm32f411xe.o
DebugMon_Handler                                  build/stm32f4xx_it.o
Default_Handler                                   build/startup_stm32f411xe.o
EXTI0_IRQHandler                                  build/startup_stm32f411xe.o
EXTI15_10_IRQHandler                              build/startup_stm32f411xe.o
EXTI1_IRQHandler                                  build/startup_stm32f411xe.o
EXTI2_IRQHandler                                  build/startup_stm32f411xe.o
EXTI3_IRQHandler                                  build/startup_stm32f411xe.o
EXTI4_IRQHandler                                  build/startup_stm32f411xe.o
EXTI9_5_IRQHandler                                build/startup_stm32f411xe.o
FLASH_Erase_Sector                                build/stm32f4xx_hal_flash_ex.o
                                                  build/stm32f4xx_hal_flash.o
FLASH_FlushCaches                                 build/stm32f4xx_hal_flash_ex.o
                                                  build/stm32f4xx_hal_flash.o
FLASH_IRQHandler                                  build/startup_stm32f411xe.o
FLASH_WaitForLastOperation                        build/stm32f4xx_hal_flash.o
                                                  build/stm32f4xx_hal_flash_ex.o
FPU_IRQHandler                                    build/startup_stm32f411xe.o
HAL_DBGMCU_DisableDBGSleepMode                    build/stm32f4xx_hal.o
HAL_DBGMCU_DisableDBGStandbyMode                  build/stm32f4xx_hal.o
HAL_DBGMCU_DisableDBGStopMode                     build/stm32f4xx_hal.o
HAL_DBGMCU_EnableDBGSleepMode                     build/stm32f4xx_hal.o
HAL_DBGMCU_EnableDBGStandbyMode                   build/stm32f4xx_hal.o
HAL_DBGMCU_EnableDBGStopMode                      build/stm32f4xx_hal.o
HAL_DMAEx_ChangeMemory                            build/stm32f4xx_hal_dma_ex.o
HAL_DMAEx_MultiBufferStart                        build/stm32f4xx_hal_dma_ex.o
HAL_DMAEx_MultiBufferStart_IT                     build/stm32f4xx_hal_dma_ex.o
HAL_DMA_Abort                                     build/stm32f4xx_hal_dma.o
HAL_DMA_Abort_IT                                  build/stm32f4xx_hal_dma.o
HAL_DMA_DeInit                                    build/stm32f4xx_hal_dma.o
HAL_DMA_GetError                                  build/stm32f4xx_hal_dma.o
HAL_DMA_GetState                                  build/stm32f4xx_hal_dma.o
HAL_DMA_IRQHandler                                build/stm32f4xx_hal_dma.o
HAL_DMA_Init                                      build/stm32f4xx_hal_dma.o
HAL_DMA_PollForTransfer                           build/stm32f4xx_hal_dma.o
HAL_DMA_RegisterCallback                          build/stm32f4xx_hal_dma.o
HAL_DMA_Start                                     build/stm32f4xx_hal_dma.o
HAL_DMA_Start_IT                                  build/stm32f4xx_hal_dma.o
HAL_DMA_UnRegisterCallback                        build/stm32f4xx_hal_dma.o
HAL_DeInit                                        build/stm32f4xx_hal.o
HAL_Delay                                         build/stm32f4xx_hal.o
HAL_DisableCompensationCell                       build/stm32f4xx_hal.o
HAL_EXTI_ClearConfigLine                          build/stm32f4xx_hal_exti.o
HAL_EXTI_ClearPending                             build/stm32f4xx_hal_exti.o
HAL_EXTI_GenerateSWI                              build/stm32f4xx_hal_exti.o
HAL_EXTI_GetConfigLine                            build/stm32f4xx_hal_exti.o
HAL_EXTI_GetHandle                                build/stm32f4xx_hal_exti.o
HAL_EXTI_GetPending                               build/stm32f4xx_hal_exti.o
HAL_EXTI_IRQHandler                               build/stm32f4xx_hal_exti.o
HAL_EXTI_RegisterCallback                         build/stm32f4xx_hal_exti.o
HAL_EXTI_SetConfigLine                            build/stm32f4xx_hal_exti.o
HAL_EnableCompensationCell                        build/stm32f4xx_hal.o
HAL_FLASHEx_AdvOBGetConfig                        build/stm32f4xx_hal_flash_ex.o
HAL_FLASHEx_AdvOBProgram                          build/stm32f4xx_hal_flash_ex.o
HAL_FLASHEx_DisableFlashSleepMode                 build/stm32f4xx_hal_flash_ramfunc.o
HAL_FLASHEx_EnableFlashSleepMode                  build/stm32f4xx_hal_flash_ramfunc.o
HAL_FLASHEx_Erase                                 build/stm32f4xx_hal_flash_ex.o
HAL_FLASHEx_Erase_IT                              build/stm32f4xx_hal_flash_ex.o
HAL_FLASHEx_OBGetConfig                           build/stm32f4xx_hal_flash_ex.o
HAL_FLASHEx_OBProgram                             build/stm32f4xx_hal_flash_ex.o
HAL_FLASHEx_OB_DeSelectPCROP                      build/stm32f4xx_hal_flash_ex.o
HAL_FLASHEx_OB_SelectPCROP                        build/stm32f4xx_hal_flash_ex.o
HAL_FLASHEx_StartFlashInterfaceClk                build/stm32f4xx_hal_flash_ramfunc.o
HAL_FLASHEx_StopFlashInterfaceClk                 build/stm32f4xx_hal_flash_ramfunc.o
HAL_FLASH_EndOfOperationCallback                  build/stm32f4xx_hal_flash.o
HAL_FLASH_GetError                                build/stm32f4xx_hal_flash.o
HAL_FLASH_IRQHandler                              build/stm32f4xx_hal_flash.o
HAL_FLASH_Lock                                    build/stm32f4xx_hal_flash.o
HAL_FLASH_OB_Launch                               build/stm32f4xx_hal_flash.o
HAL_FLASH_OB_Lock                                 build/stm32f4xx_hal_flash.o
HAL_FLASH_OB_Unlock                               build/stm32f4xx_hal_flash.o
HAL_FLASH_OperationErrorCallback                  build/stm32f4xx_hal_flash.o
HAL_FLASH_Program                                 build/stm32f4xx_hal_flash.o
HAL_FLASH_Program_IT                              build/stm32f4xx_hal_flash.o
HAL_FLASH_Unlock                                  build/stm32f4xx_hal_flash.o
HAL_GPIO_DeInit                                   build/stm32f4xx_hal_gpio.o
HAL_GPIO_EXTI_Callback                            build/stm32f4xx_hal_gpio.o
HAL_GPIO_EXTI_IRQHandler                          build/stm32f4xx_hal_gpio.o
HAL_GPIO_Init                                     build/stm32f4xx_hal_gpio.o
                                                  build/stm32f4xx_hal_rcc.o
                                                  build/main.o
HAL_GPIO_LockPin                                  build/stm32f4xx_hal_gpio.o
HAL_GPIO_ReadPin                                  build/stm32f4xx_hal_gpio.o
HAL_GPIO_TogglePin                                build/stm32f4xx_hal_gpio.o
                                                  build/main.o
HAL_GPIO_WritePin                                 build/stm32f4xx_hal_gpio.o
                                                  build/main.o
HAL_GetDEVID                                      build/stm32f4xx_hal.o
HAL_GetHalVersion                                 build/stm32f4xx_hal.o
HAL_GetREVID                                      build/stm32f4xx_hal.o
HAL_GetTick                                       build/stm32f4xx_hal.o
                                                  build/stm32f4xx_hal_pwr_ex.o
                                                  build/stm32f4xx_hal_dma.o
                                                  build/stm32f4xx_hal_flash.o
                                                  build/stm32f4xx_hal_rcc_ex.o
                                                  build/stm32f4xx_hal_rcc.o
                                                  build/main.o
HAL_GetTickFreq                                   build/stm32f4xx_hal.o
HAL_GetTickPrio                                   build/stm32f4xx_hal.o
HAL_GetUIDw0                                      build/stm32f4xx_hal.o
HAL_GetUIDw1                                      build/stm32f4xx_hal.o
HAL_GetUIDw2                                      build/stm32f4xx_hal.o
HAL_IncTick                                       build/stm32f4xx_hal.o
                                                  build/stm32f4xx_it.o
HAL_Init                                          build/stm32f4xx_hal.o
                                                  build/main.o
HAL_InitTick                                      build/stm32f4xx_hal.o
                                                  build/stm32f4xx_hal_rcc_ex.o
                                                  build/stm32f4xx_hal_rcc.o
HAL_MPU_ConfigRegion                              build/stm32f4xx_hal_cortex.o
HAL_MPU_Disable                                   build/stm32f4xx_hal_cortex.o
HAL_MPU_Enable                                    build/stm32f4xx_hal_cortex.o
HAL_MspDeInit                                     build/stm32f4xx_hal.o
HAL_MspInit                                       build/stm32f4xx_hal_msp.o
HAL_NVIC_ClearPendingIRQ                          build/stm32f4xx_hal_cortex.o
HAL_NVIC_DisableIRQ                               build/stm32f4xx_hal_cortex.o
HAL_NVIC_EnableIRQ                                build/stm32f4xx_hal_cortex.o
HAL_NVIC_GetActive                                build/stm32f4xx_hal_cortex.o
HAL_NVIC_GetPendingIRQ                            build/stm32f4xx_hal_cortex.o
HAL_NVIC_GetPriority                              build/stm32f4xx_hal_cortex.o
HAL_NVIC_GetPriorityGrouping                      build/stm32f4xx_hal_cortex.o
HAL_NVIC_SetPendingIRQ                            build/stm32f4xx_hal_cortex.o
HAL_NVIC_SetPriority                              build/stm32f4xx_hal_cortex.o
                                                  build/stm32f4xx_hal.o
HAL_NVIC_SetPriorityGrouping                      build/stm32f4xx_hal_cortex.o
                                                  build/stm32f4xx_hal.o
HAL_NVIC_SystemReset                              build/stm32f4xx_hal_cortex.o
HAL_PWREx_ControlVoltageScaling                   build/stm32f4xx_hal_pwr_ex.o
HAL_PWREx_DisableBkUpReg                          build/stm32f4xx_hal_pwr_ex.o
HAL_PWREx_DisableFlashPowerDown                   build/stm32f4xx_hal_pwr_ex.o
HAL_PWREx_DisableLowRegulatorLowVoltage           build/stm32f4xx_hal_pwr_ex.o
HAL_PWREx_DisableMainRegulatorLowVoltage          build/stm32f4xx_hal_pwr_ex.o
HAL_PWREx_EnableBkUpReg                           build/stm32f4xx_hal_pwr_ex.o
HAL_PWREx_EnableFlashPowerDown                    build/stm32f4xx_hal_pwr_ex.o
HAL_PWREx_EnableLowRegulatorLowVoltage            build/stm32f4xx_hal_pwr_ex.o
HAL_PWREx_EnableMainRegulatorLowVoltage           build/stm32f4xx_hal_pwr_ex.o
HAL_PWREx_GetVoltageRange                         build/stm32f4xx_hal_pwr_ex.o
HAL_PWR_ConfigPVD                                 build/stm32f4xx_hal_pwr.o
HAL_PWR_DeInit                                    build/stm32f4xx_hal_pwr.o
HAL_PWR_DisableBkUpAccess                         build/stm32f4xx_hal_pwr.o
HAL_PWR_DisablePVD                                build/stm32f4xx_hal_pwr.o
HAL_PWR_DisableSEVOnPend                          build/stm32f4xx_hal_pwr.o
HAL_PWR_DisableSleepOnExit                        build/stm32f4xx_hal_pwr.o
HAL_PWR_DisableWakeUpPin                          build/stm32f4xx_hal_pwr.o
HAL_PWR_EnableBkUpAccess                          build/stm32f4xx_hal_pwr.o
HAL_PWR_EnablePVD                                 build/stm32f4xx_hal_pwr.o
HAL_PWR_EnableSEVOnPend                           build/stm32f4xx_hal_pwr.o
HAL_PWR_EnableSleepOnExit                         build/stm32f4xx_hal_pwr.o
HAL_PWR_EnableWakeUpPin                           build/stm32f4xx_hal_pwr.o
HAL_PWR_EnterSLEEPMode                            build/stm32f4xx_hal_pwr.o
HAL_PWR_EnterSTANDBYMode                          build/stm32f4xx_hal_pwr.o
HAL_PWR_EnterSTOPMode                             build/stm32f4xx_hal_pwr.o
HAL_PWR_PVDCallback                               build/stm32f4xx_hal_pwr.o
HAL_PWR_PVD_IRQHandler                            build/stm32f4xx_hal_pwr.o
HAL_RCCEx_DisablePLLI2S                           build/stm32f4xx_hal_rcc_ex.o
HAL_RCCEx_EnablePLLI2S                            build/stm32f4xx_hal_rcc_ex.o
HAL_RCCEx_GetPeriphCLKConfig                      build/stm32f4xx_hal_rcc_ex.o
HAL_RCCEx_GetPeriphCLKFreq                        build/stm32f4xx_hal_rcc_ex.o
HAL_RCCEx_PeriphCLKConfig                         build/stm32f4xx_hal_rcc_ex.o
HAL_RCCEx_SelectLSEMode                           build/stm32f4xx_hal_rcc_ex.o
HAL_RCC_CSSCallback                               build/stm32f4xx_hal_rcc.o
HAL_RCC_ClockConfig                               build/stm32f4xx_hal_rcc.o
HAL_RCC_DeInit                                    build/stm32f4xx_hal_rcc_ex.o
                                                  build/stm32f4xx_hal_rcc.o
HAL_RCC_DisableCSS                                build/stm32f4xx_hal_rcc.o
HAL_RCC_EnableCSS                                 build/stm32f4xx_hal_rcc.o
HAL_RCC_GetClockConfig                            build/stm32f4xx_hal_rcc.o
HAL_RCC_GetHCLKFreq                               build/stm32f4xx_hal_rcc.o
HAL_RCC_GetOscConfig                              build/stm32f4xx_hal_rcc.o
HAL_RCC_GetPCLK1Freq                              build/stm32f4xx_hal_rcc.o
HAL_RCC_GetPCLK2Freq                              build/stm32f4xx_hal_rcc.o
HAL_RCC_GetSysClockFreq                           build/stm32f4xx_hal_rcc.o
HAL_RCC_MCOConfig                                 build/stm32f4xx_hal_rcc.o
HAL_RCC_NMI_IRQHandler                            build/stm32f4xx_hal_rcc.o
HAL_RCC_OscConfig                                 build/stm32f4xx_hal_rcc.o
HAL_ResumeTick                                    build/stm32f4xx_hal.o
HAL_SYSTICK_CLKSourceConfig                       build/stm32f4xx_hal_cortex.o
HAL_SYSTICK_Callback                              build/stm32f4xx_hal_cortex.o
HAL_SYSTICK_Config                                build/stm32f4xx_hal_cortex.o
                                                  build/stm32f4xx_hal.o
HAL_SYSTICK_IRQHandler                            build/stm32f4xx_hal_cortex.o
HAL_SetTickFreq                                   build/stm32f4xx_hal.o
HAL_SuspendTick                                   build/stm32f4xx_hal.o
HardFault_Handler                                 build/stm32f4xx_it.o
I2C1_ER_IRQHandler                                build/startup_stm32f411xe.o
I2C1_EV_IRQHandler                                build/startup_stm32f411xe.o
I2C2_ER_IRQHandler                                build/startup_stm32f411xe.o
I2C2_EV_IRQHandler                                build/startup_stm32f411xe.o
I2C3_ER_IRQHandler                                build/startup_stm32f411xe.o
I2C3_EV_IRQHandler                                build/startup_stm32f411xe.o
MemManage_Handler                                 build/stm32f4xx_it.o
NMI_Handler                                       build/stm32f4xx_it.o
OTG_FS_IRQHandler                                 build/startup_stm32f411xe.o
OTG_FS_WKUP_IRQHandler                            build/startup_stm32f411xe.o
PVD_IRQHandler                                    build/startup_stm32f411xe.o
PendSV_Handler                                    build/stm32f4xx_it.o
RCC_IRQHandler                                    build/startup_stm32f411xe.o
RTC_Alarm_IRQHandler                              build/startup_stm32f411xe.o
RTC_WKUP_IRQHandler                               build/startup_stm32f411xe.o
Reset_Handler                                     build/startup_stm32f411xe.o
SDIO_IRQHandler                                   build/startup_stm32f411xe.o
SPI1_IRQHandler                                   build/startup_stm32f411xe.o
SPI2_IRQHandler                                   build/startup_stm32f411xe.o
SPI3_IRQHandler                                   build/startup_stm32f411xe.o
SPI4_IRQHandler                                   build/startup_stm32f411xe.o
SPI5_IRQHandler                                   build/startup_stm32f411xe.o
SVC_Handler                                       build/stm32f4xx_it.o
SysTick_Handler                                   build/stm32f4xx_it.o
SystemClock_Config                                build/main.o
SystemCoreClock                                   build/system_stm32f4xx.o
                                                  build/stm32f4xx_hal.o
                                                  build/stm32f4xx_hal_dma.o
                                                  build/stm32f4xx_hal_rcc_ex.o
                                                  build/stm32f4xx_hal_rcc.o
SystemCoreClockUpdate                             build/system_stm32f4xx.o
SystemInit                                        build/system_stm32f4xx.o
                                                  build/startup_stm32f411xe.o
TAMP_STAMP_IRQHandler                             build/startup_stm32f411xe.o
TIM1_BRK_TIM9_IRQHandler                          build/startup_stm32f411xe.o
TIM1_CC_IRQHandler                                build/startup_stm32f411xe.o
TIM1_TRG_COM_TIM11_IRQHandler                     build/startup_stm32f411xe.o
TIM1_UP_TIM10_IRQHandler                          build/startup_stm32f411xe.o
TIM2_IRQHandler                                   build/startup_stm32f411xe.o
TIM3_IRQHandler                                   build/startup_stm32f411xe.o
TIM4_IRQHandler                                   build/startup_stm32f411xe.o
TIM5_IRQHandler                                   build/startup_stm32f411xe.o
USART1_IRQHandler                                 build/startup_stm32f411xe.o
USART2_IRQHandler                                 build/startup_stm32f411xe.o
USART6_IRQHandler                                 build/startup_stm32f411xe.o
UsageFault_Handler                                build/stm32f4xx_it.o
WWDG_IRQHandler                                   build/startup_stm32f411xe.o
_ITM_deregisterTMCloneTable                       c:/dev/micro/tools/arm-gnu-toolchain-11.3.rel1-mingw-w64-i686-arm-none-eabi/bin/../lib/gcc/arm-none-eabi/11.3.1/thumb/v7e-m+fp/hard/crtbegin.o
_ITM_registerTMCloneTable                         c:/dev/micro/tools/arm-gnu-toolchain-11.3.rel1-mingw-w64-i686-arm-none-eabi/bin/../lib/gcc/arm-none-eabi/11.3.1/thumb/v7e-m+fp/hard/crtbegin.o
__TMC_END__                                       c:/dev/micro/tools/arm-gnu-toolchain-11.3.rel1-mingw-w64-i686-arm-none-eabi/bin/../lib/gcc/arm-none-eabi/11.3.1/thumb/v7e-m+fp/hard/crtend.o
                                                  c:/dev/micro/tools/arm-gnu-toolchain-11.3.rel1-mingw-w64-i686-arm-none-eabi/bin/../lib/gcc/arm-none-eabi/11.3.1/thumb/v7e-m+fp/hard/crtbegin.o
__aeabi_idiv0                                     c:/dev/micro/tools/arm-gnu-toolchain-11.3.rel1-mingw-w64-i686-arm-none-eabi/bin/../lib/gcc/arm-none-eabi/11.3.1/thumb/v7e-m+fp/hard\libgcc.a(_dvmd_tls.o)
__aeabi_ldiv0                                     c:/dev/micro/tools/arm-gnu-toolchain-11.3.rel1-mingw-w64-i686-arm-none-eabi/bin/../lib/gcc/arm-none-eabi/11.3.1/thumb/v7e-m+fp/hard\libgcc.a(_dvmd_tls.o)
                                                  c:/dev/micro/tools/arm-gnu-toolchain-11.3.rel1-mingw-w64-i686-arm-none-eabi/bin/../lib/gcc/arm-none-eabi/11.3.1/thumb/v7e-m+fp/hard\libgcc.a(_aeabi_uldivmod.o)
__aeabi_uldivmod                                  c:/dev/micro/tools/arm-gnu-toolchain-11.3.rel1-mingw-w64-i686-arm-none-eabi/bin/../lib/gcc/arm-none-eabi/11.3.1/thumb/v7e-m+fp/hard\libgcc.a(_aeabi_uldivmod.o)
                                                  build/stm32f4xx_hal_rcc.o
__bss_end__                                       c:/dev/micro/tools/arm-gnu-toolchain-11.3.rel1-mingw-w64-i686-arm-none-eabi/bin/../lib/gcc/arm-none-eabi/11.3.1/thumb/v7e-m+fp/hard/crt0.o
__bss_start__                                     c:/dev/micro/tools/arm-gnu-toolchain-11.3.rel1-mingw-w64-i686-arm-none-eabi/bin/../lib/gcc/arm-none-eabi/11.3.1/thumb/v7e-m+fp/hard/crt0.o
__call_exitprocs                                  c:/dev/micro/tools/arm-gnu-toolchain-11.3.rel1-mingw-w64-i686-arm-none-eabi/bin/../lib/gcc/arm-none-eabi/11.3.1/thumb/v7e-m+fp/hard\libc_nano.a(libc_a-exit.o)
__deregister_frame_info                           c:/dev/micro/tools/arm-gnu-toolchain-11.3.rel1-mingw-w64-i686-arm-none-eabi/bin/../lib/gcc/arm-none-eabi/11.3.1/thumb/v7e-m+fp/hard/crtbegin.o
__dso_handle                                      c:/dev/micro/tools/arm-gnu-toolchain-11.3.rel1-mingw-w64-i686-arm-none-eabi/bin/../lib/gcc/arm-none-eabi/11.3.1/thumb/v7e-m+fp/hard/crtbegin.o
__fp_lock_all                                     c:/dev/micro/tools/arm-gnu-toolchain-11.3.rel1-mingw-w64-i686-arm-none-eabi/bin/../lib/gcc/arm-none-eabi/11.3.1/thumb/v7e-m+fp/hard\libc_nano.a(libc_a-findfp.o)
__fp_unlock_all                                   c:/dev/micro/tools/arm-gnu-toolchain-11.3.rel1-mingw-w64-i686-arm-none-eabi/bin/../lib/gcc/arm-none-eabi/11.3.1/thumb/v7e-m+fp/hard\libc_nano.a(libc_a-findfp.o)
__init_array_end                                  c:/dev/micro/tools/arm-gnu-toolchain-11.3.rel1-mingw-w64-i686-arm-none-eabi/bin/../lib/gcc/arm-none-eabi/11.3.1/thumb/v7e-m+fp/hard\libc_nano.a(libc_a-init.o)
__init_array_start                                c:/dev/micro/tools/arm-gnu-toolchain-11.3.rel1-mingw-w64-i686-arm-none-eabi/bin/../lib/gcc/arm-none-eabi/11.3.1/thumb/v7e-m+fp/hard\libc_nano.a(libc_a-init.o)
__libc_fini_array                                 c:/dev/micro/tools/arm-gnu-toolchain-11.3.rel1-mingw-w64-i686-arm-none-eabi/bin/../lib/gcc/arm-none-eabi/11.3.1/thumb/v7e-m+fp/hard/crt0.o
__libc_init_array                                 c:/dev/micro/tools/arm-gnu-toolchain-11.3.rel1-mingw-w64-i686-arm-none-eabi/bin/../lib/gcc/arm-none-eabi/11.3.1/thumb/v7e-m+fp/hard\libc_nano.a(libc_a-init.o)
                                                  build/startup_stm32f411xe.o
                                                  c:/dev/micro/tools/arm-gnu-toolchain-11.3.rel1-mingw-w64-i686-arm-none-eabi/bin/../lib/gcc/arm-none-eabi/11.3.1/thumb/v7e-m+fp/hard/crt0.o
__lock___arc4random_mutex                         c:/dev/micro/tools/arm-gnu-toolchain-11.3.rel1-mingw-w64-i686-arm-none-eabi/bin/../lib/gcc/arm-none-eabi/11.3.1/thumb/v7e-m+fp/hard\libc_nano.a(libc_a-lock.o)
__lock___at_quick_exit_mutex                      c:/dev/micro/tools/arm-gnu-toolchain-11.3.rel1-mingw-w64-i686-arm-none-eabi/bin/../lib/gcc/arm-none-eabi/11.3.1/thumb/v7e-m+fp/hard\libc_nano.a(libc_a-lock.o)
__lock___atexit_recursive_mutex                   c:/dev/micro/tools/arm-gnu-toolchain-11.3.rel1-mingw-w64-i686-arm-none-eabi/bin/../lib/gcc/arm-none-eabi/11.3.1/thumb/v7e-m+fp/hard\libc_nano.a(libc_a-lock.o)
__lock___dd_hash_mutex                            c:/dev/micro/tools/arm-gnu-toolchain-11.3.rel1-mingw-w64-i686-arm-none-eabi/bin/../lib/gcc/arm-none-eabi/11.3.1/thumb/v7e-m+fp/hard\libc_nano.a(libc_a-lock.o)
__lock___env_recursive_mutex                      c:/dev/micro/tools/arm-gnu-toolchain-11.3.rel1-mingw-w64-i686-arm-none-eabi/bin/../lib/gcc/arm-none-eabi/11.3.1/thumb/v7e-m+fp/hard\libc_nano.a(libc_a-lock.o)
__lock___malloc_recursive_mutex                   c:/dev/micro/tools/arm-gnu-toolchain-11.3.rel1-mingw-w64-i686-arm-none-eabi/bin/../lib/gcc/arm-none-eabi/11.3.1/thumb/v7e-m+fp/hard\libc_nano.a(libc_a-lock.o)
                                                  c:/dev/micro/tools/arm-gnu-toolchain-11.3.rel1-mingw-w64-i686-arm-none-eabi/bin/../lib/gcc/arm-none-eabi/11.3.1/thumb/v7e-m+fp/hard\libc_nano.a(libc_a-mlock.o)
__lock___sfp_recursive_mutex                      c:/dev/micro/tools/arm-gnu-toolchain-11.3.rel1-mingw-w64-i686-arm-none-eabi/bin/../lib/gcc/arm-none-eabi/11.3.1/thumb/v7e-m+fp/hard\libc_nano.a(libc_a-lock.o)
                                                  c:/dev/micro/tools/arm-gnu-toolchain-11.3.rel1-mingw-w64-i686-arm-none-eabi/bin/../lib/gcc/arm-none-eabi/11.3.1/thumb/v7e-m+fp/hard\libc_nano.a(libc_a-findfp.o)
__lock___tz_mutex                                 c:/dev/micro/tools/arm-gnu-toolchain-11.3.rel1-mingw-w64-i686-arm-none-eabi/bin/../lib/gcc/arm-none-eabi/11.3.1/thumb/v7e-m+fp/hard\libc_nano.a(libc_a-lock.o)
__malloc_free_list                                c:/dev/micro/tools/arm-gnu-toolchain-11.3.rel1-mingw-w64-i686-arm-none-eabi/bin/../lib/gcc/arm-none-eabi/11.3.1/thumb/v7e-m+fp/hard\libc_nano.a(libc_a-mallocr.o)
                                                  c:/dev/micro/tools/arm-gnu-toolchain-11.3.rel1-mingw-w64-i686-arm-none-eabi/bin/../lib/gcc/arm-none-eabi/11.3.1/thumb/v7e-m+fp/hard\libc_nano.a(libc_a-freer.o)
__malloc_lock                                     c:/dev/micro/tools/arm-gnu-toolchain-11.3.rel1-mingw-w64-i686-arm-none-eabi/bin/../lib/gcc/arm-none-eabi/11.3.1/thumb/v7e-m+fp/hard\libc_nano.a(libc_a-mlock.o)
                                                  c:/dev/micro/tools/arm-gnu-toolchain-11.3.rel1-mingw-w64-i686-arm-none-eabi/bin/../lib/gcc/arm-none-eabi/11.3.1/thumb/v7e-m+fp/hard\libc_nano.a(libc_a-mallocr.o)
                                                  c:/dev/micro/tools/arm-gnu-toolchain-11.3.rel1-mingw-w64-i686-arm-none-eabi/bin/../lib/gcc/arm-none-eabi/11.3.1/thumb/v7e-m+fp/hard\libc_nano.a(libc_a-freer.o)
__malloc_sbrk_start                               c:/dev/micro/tools/arm-gnu-toolchain-11.3.rel1-mingw-w64-i686-arm-none-eabi/bin/../lib/gcc/arm-none-eabi/11.3.1/thumb/v7e-m+fp/hard\libc_nano.a(libc_a-mallocr.o)
__malloc_unlock                                   c:/dev/micro/tools/arm-gnu-toolchain-11.3.rel1-mingw-w64-i686-arm-none-eabi/bin/../lib/gcc/arm-none-eabi/11.3.1/thumb/v7e-m+fp/hard\libc_nano.a(libc_a-mlock.o)
                                                  c:/dev/micro/tools/arm-gnu-toolchain-11.3.rel1-mingw-w64-i686-arm-none-eabi/bin/../lib/gcc/arm-none-eabi/11.3.1/thumb/v7e-m+fp/hard\libc_nano.a(libc_a-mallocr.o)
                                                  c:/dev/micro/tools/arm-gnu-toolchain-11.3.rel1-mingw-w64-i686-arm-none-eabi/bin/../lib/gcc/arm-none-eabi/11.3.1/thumb/v7e-m+fp/hard\libc_nano.a(libc_a-freer.o)
__preinit_array_end                               c:/dev/micro/tools/arm-gnu-toolchain-11.3.rel1-mingw-w64-i686-arm-none-eabi/bin/../lib/gcc/arm-none-eabi/11.3.1/thumb/v7e-m+fp/hard\libc_nano.a(libc_a-init.o)
__preinit_array_start                             c:/dev/micro/tools/arm-gnu-toolchain-11.3.rel1-mingw-w64-i686-arm-none-eabi/bin/../lib/gcc/arm-none-eabi/11.3.1/thumb/v7e-m+fp/hard\libc_nano.a(libc_a-init.o)
__register_frame_info                             c:/dev/micro/tools/arm-gnu-toolchain-11.3.rel1-mingw-w64-i686-arm-none-eabi/bin/../lib/gcc/arm-none-eabi/11.3.1/thumb/v7e-m+fp/hard/crtbegin.o
__retarget_lock_acquire                           c:/dev/micro/tools/arm-gnu-toolchain-11.3.rel1-mingw-w64-i686-arm-none-eabi/bin/../lib/gcc/arm-none-eabi/11.3.1/thumb/v7e-m+fp/hard\libc_nano.a(libc_a-lock.o)
__retarget_lock_acquire_recursive                 c:/dev/micro/tools/arm-gnu-toolchain-11.3.rel1-mingw-w64-i686-arm-none-eabi/bin/../lib/gcc/arm-none-eabi/11.3.1/thumb/v7e-m+fp/hard\libc_nano.a(libc_a-lock.o)
                                                  c:/dev/micro/tools/arm-gnu-toolchain-11.3.rel1-mingw-w64-i686-arm-none-eabi/bin/../lib/gcc/arm-none-eabi/11.3.1/thumb/v7e-m+fp/hard\libc_nano.a(libc_a-fflush.o)
                                                  c:/dev/micro/tools/arm-gnu-toolchain-11.3.rel1-mingw-w64-i686-arm-none-eabi/bin/../lib/gcc/arm-none-eabi/11.3.1/thumb/v7e-m+fp/hard\libc_nano.a(libc_a-mlock.o)
                                                  c:/dev/micro/tools/arm-gnu-toolchain-11.3.rel1-mingw-w64-i686-arm-none-eabi/bin/../lib/gcc/arm-none-eabi/11.3.1/thumb/v7e-m+fp/hard\libc_nano.a(libc_a-findfp.o)
__retarget_lock_close                             c:/dev/micro/tools/arm-gnu-toolchain-11.3.rel1-mingw-w64-i686-arm-none-eabi/bin/../lib/gcc/arm-none-eabi/11.3.1/thumb/v7e-m+fp/hard\libc_nano.a(libc_a-lock.o)
__retarget_lock_close_recursive                   c:/dev/micro/tools/arm-gnu-toolchain-11.3.rel1-mingw-w64-i686-arm-none-eabi/bin/../lib/gcc/arm-none-eabi/11.3.1/thumb/v7e-m+fp/hard\libc_nano.a(libc_a-lock.o)
__retarget_lock_init                              c:/dev/micro/tools/arm-gnu-toolchain-11.3.rel1-mingw-w64-i686-arm-none-eabi/bin/../lib/gcc/arm-none-eabi/11.3.1/thumb/v7e-m+fp/hard\libc_nano.a(libc_a-lock.o)
__retarget_lock_init_recursive                    c:/dev/micro/tools/arm-gnu-toolchain-11.3.rel1-mingw-w64-i686-arm-none-eabi/bin/../lib/gcc/arm-none-eabi/11.3.1/thumb/v7e-m+fp/hard\libc_nano.a(libc_a-lock.o)
                                                  c:/dev/micro/tools/arm-gnu-toolchain-11.3.rel1-mingw-w64-i686-arm-none-eabi/bin/../lib/gcc/arm-none-eabi/11.3.1/thumb/v7e-m+fp/hard\libc_nano.a(libc_a-findfp.o)
__retarget_lock_release                           c:/dev/micro/tools/arm-gnu-toolchain-11.3.rel1-mingw-w64-i686-arm-none-eabi/bin/../lib/gcc/arm-none-eabi/11.3.1/thumb/v7e-m+fp/hard\libc_nano.a(libc_a-lock.o)
__retarget_lock_release_recursive                 c:/dev/micro/tools/arm-gnu-toolchain-11.3.rel1-mingw-w64-i686-arm-none-eabi/bin/../lib/gcc/arm-none-eabi/11.3.1/thumb/v7e-m+fp/hard\libc_nano.a(libc_a-lock.o)
                                                  c:/dev/micro/tools/arm-gnu-toolchain-11.3.rel1-mingw-w64-i686-arm-none-eabi/bin/../lib/gcc/arm-none-eabi/11.3.1/thumb/v7e-m+fp/hard\libc_nano.a(libc_a-fflush.o)
                                                  c:/dev/micro/tools/arm-gnu-toolchain-11.3.rel1-mingw-w64-i686-arm-none-eabi/bin/../lib/gcc/arm-none-eabi/11.3.1/thumb/v7e-m+fp/hard\libc_nano.a(libc_a-mlock.o)
                                                  c:/dev/micro/tools/arm-gnu-toolchain-11.3.rel1-mingw-w64-i686-arm-none-eabi/bin/../lib/gcc/arm-none-eabi/11.3.1/thumb/v7e-m+fp/hard\libc_nano.a(libc_a-findfp.o)
__retarget_lock_try_acquire                       c:/dev/micro/tools/arm-gnu-toolchain-11.3.rel1-mingw-w64-i686-arm-none-eabi/bin/../lib/gcc/arm-none-eabi/11.3.1/thumb/v7e-m+fp/hard\libc_nano.a(libc_a-lock.o)
__retarget_lock_try_acquire_recursive             c:/dev/micro/tools/arm-gnu-toolchain-11.3.rel1-mingw-w64-i686-arm-none-eabi/bin/../lib/gcc/arm-none-eabi/11.3.1/thumb/v7e-m+fp/hard\libc_nano.a(libc_a-lock.o)
__sclose                                          c:/dev/micro/tools/arm-gnu-toolchain-11.3.rel1-mingw-w64-i686-arm-none-eabi/bin/../lib/gcc/arm-none-eabi/11.3.1/thumb/v7e-m+fp/hard\libc_nano.a(libc_a-stdio.o)
                                                  c:/dev/micro/tools/arm-gnu-toolchain-11.3.rel1-mingw-w64-i686-arm-none-eabi/bin/../lib/gcc/arm-none-eabi/11.3.1/thumb/v7e-m+fp/hard\libc_nano.a(libc_a-findfp.o)
__seofread                                        c:/dev/micro/tools/arm-gnu-toolchain-11.3.rel1-mingw-w64-i686-arm-none-eabi/bin/../lib/gcc/arm-none-eabi/11.3.1/thumb/v7e-m+fp/hard\libc_nano.a(libc_a-stdio.o)
__sf                                              c:/dev/micro/tools/arm-gnu-toolchain-11.3.rel1-mingw-w64-i686-arm-none-eabi/bin/../lib/gcc/arm-none-eabi/11.3.1/thumb/v7e-m+fp/hard\libc_nano.a(libc_a-findfp.o)
                                                  c:/dev/micro/tools/arm-gnu-toolchain-11.3.rel1-mingw-w64-i686-arm-none-eabi/bin/../lib/gcc/arm-none-eabi/11.3.1/thumb/v7e-m+fp/hard\libc_nano.a(libc_a-impure.o)
__sflush_r                                        c:/dev/micro/tools/arm-gnu-toolchain-11.3.rel1-mingw-w64-i686-arm-none-eabi/bin/../lib/gcc/arm-none-eabi/11.3.1/thumb/v7e-m+fp/hard\libc_nano.a(libc_a-fflush.o)
__sfp                                             c:/dev/micro/tools/arm-gnu-toolchain-11.3.rel1-mingw-w64-i686-arm-none-eabi/bin/../lib/gcc/arm-none-eabi/11.3.1/thumb/v7e-m+fp/hard\libc_nano.a(libc_a-findfp.o)
__sfp_lock_acquire                                c:/dev/micro/tools/arm-gnu-toolchain-11.3.rel1-mingw-w64-i686-arm-none-eabi/bin/../lib/gcc/arm-none-eabi/11.3.1/thumb/v7e-m+fp/hard\libc_nano.a(libc_a-findfp.o)
__sfp_lock_release                                c:/dev/micro/tools/arm-gnu-toolchain-11.3.rel1-mingw-w64-i686-arm-none-eabi/bin/../lib/gcc/arm-none-eabi/11.3.1/thumb/v7e-m+fp/hard\libc_nano.a(libc_a-findfp.o)
__sglue                                           c:/dev/micro/tools/arm-gnu-toolchain-11.3.rel1-mingw-w64-i686-arm-none-eabi/bin/../lib/gcc/arm-none-eabi/11.3.1/thumb/v7e-m+fp/hard\libc_nano.a(libc_a-findfp.o)
                                                  c:/dev/micro/tools/arm-gnu-toolchain-11.3.rel1-mingw-w64-i686-arm-none-eabi/bin/../lib/gcc/arm-none-eabi/11.3.1/thumb/v7e-m+fp/hard\libc_nano.a(libc_a-fflush.o)
__sinit                                           c:/dev/micro/tools/arm-gnu-toolchain-11.3.rel1-mingw-w64-i686-arm-none-eabi/bin/../lib/gcc/arm-none-eabi/11.3.1/thumb/v7e-m+fp/hard\libc_nano.a(libc_a-findfp.o)
                                                  c:/dev/micro/tools/arm-gnu-toolchain-11.3.rel1-mingw-w64-i686-arm-none-eabi/bin/../lib/gcc/arm-none-eabi/11.3.1/thumb/v7e-m+fp/hard\libc_nano.a(libc_a-fflush.o)
__sread                                           c:/dev/micro/tools/arm-gnu-toolchain-11.3.rel1-mingw-w64-i686-arm-none-eabi/bin/../lib/gcc/arm-none-eabi/11.3.1/thumb/v7e-m+fp/hard\libc_nano.a(libc_a-stdio.o)
                                                  c:/dev/micro/tools/arm-gnu-toolchain-11.3.rel1-mingw-w64-i686-arm-none-eabi/bin/../lib/gcc/arm-none-eabi/11.3.1/thumb/v7e-m+fp/hard\libc_nano.a(libc_a-findfp.o)
__sseek                                           c:/dev/micro/tools/arm-gnu-toolchain-11.3.rel1-mingw-w64-i686-arm-none-eabi/bin/../lib/gcc/arm-none-eabi/11.3.1/thumb/v7e-m+fp/hard\libc_nano.a(libc_a-stdio.o)
                                                  c:/dev/micro/tools/arm-gnu-toolchain-11.3.rel1-mingw-w64-i686-arm-none-eabi/bin/../lib/gcc/arm-none-eabi/11.3.1/thumb/v7e-m+fp/hard\libc_nano.a(libc_a-findfp.o)
__stack                                           c:/dev/micro/tools/arm-gnu-toolchain-11.3.rel1-mingw-w64-i686-arm-none-eabi/bin/../lib/gcc/arm-none-eabi/11.3.1/thumb/v7e-m+fp/hard/crt0.o
__stdio_exit_handler                              c:/dev/micro/tools/arm-gnu-toolchain-11.3.rel1-mingw-w64-i686-arm-none-eabi/bin/../lib/gcc/arm-none-eabi/11.3.1/thumb/v7e-m+fp/hard\libc_nano.a(libc_a-findfp.o)
                                                  c:/dev/micro/tools/arm-gnu-toolchain-11.3.rel1-mingw-w64-i686-arm-none-eabi/bin/../lib/gcc/arm-none-eabi/11.3.1/thumb/v7e-m+fp/hard\libc_nano.a(libc_a-exit.o)
__swrite                                          c:/dev/micro/tools/arm-gnu-toolchain-11.3.rel1-mingw-w64-i686-arm-none-eabi/bin/../lib/gcc/arm-none-eabi/11.3.1/thumb/v7e-m+fp/hard\libc_nano.a(libc_a-stdio.o)
                                                  c:/dev/micro/tools/arm-gnu-toolchain-11.3.rel1-mingw-w64-i686-arm-none-eabi/bin/../lib/gcc/arm-none-eabi/11.3.1/thumb/v7e-m+fp/hard\libc_nano.a(libc_a-findfp.o)
__udivmoddi4                                      c:/dev/micro/tools/arm-gnu-toolchain-11.3.rel1-mingw-w64-i686-arm-none-eabi/bin/../lib/gcc/arm-none-eabi/11.3.1/thumb/v7e-m+fp/hard\libgcc.a(_udivmoddi4.o)
                                                  c:/dev/micro/tools/arm-gnu-toolchain-11.3.rel1-mingw-w64-i686-arm-none-eabi/bin/../lib/gcc/arm-none-eabi/11.3.1/thumb/v7e-m+fp/hard\libgcc.a(_aeabi_uldivmod.o)
_close                                            c:/dev/micro/tools/arm-gnu-toolchain-11.3.rel1-mingw-w64-i686-arm-none-eabi/bin/../lib/gcc/arm-none-eabi/11.3.1/thumb/v7e-m+fp/hard\libnosys.a(close.o)
                                                  c:/dev/micro/tools/arm-gnu-toolchain-11.3.rel1-mingw-w64-i686-arm-none-eabi/bin/../lib/gcc/arm-none-eabi/11.3.1/thumb/v7e-m+fp/hard\libc_nano.a(libc_a-closer.o)
_close_r                                          c:/dev/micro/tools/arm-gnu-toolchain-11.3.rel1-mingw-w64-i686-arm-none-eabi/bin/../lib/gcc/arm-none-eabi/11.3.1/thumb/v7e-m+fp/hard\libc_nano.a(libc_a-closer.o)
                                                  c:/dev/micro/tools/arm-gnu-toolchain-11.3.rel1-mingw-w64-i686-arm-none-eabi/bin/../lib/gcc/arm-none-eabi/11.3.1/thumb/v7e-m+fp/hard\libc_nano.a(libc_a-stdio.o)
_ebss                                             build/startup_stm32f411xe.o
_edata                                            build/startup_stm32f411xe.o
_estack                                           build/startup_stm32f411xe.o
_exit                                             c:/dev/micro/tools/arm-gnu-toolchain-11.3.rel1-mingw-w64-i686-arm-none-eabi/bin/../lib/gcc/arm-none-eabi/11.3.1/thumb/v7e-m+fp/hard\libnosys.a(_exit.o)
                                                  c:/dev/micro/tools/arm-gnu-toolchain-11.3.rel1-mingw-w64-i686-arm-none-eabi/bin/../lib/gcc/arm-none-eabi/11.3.1/thumb/v7e-m+fp/hard\libc_nano.a(libc_a-exit.o)
_fflush_r                                         c:/dev/micro/tools/arm-gnu-toolchain-11.3.rel1-mingw-w64-i686-arm-none-eabi/bin/../lib/gcc/arm-none-eabi/11.3.1/thumb/v7e-m+fp/hard\libc_nano.a(libc_a-fflush.o)
                                                  c:/dev/micro/tools/arm-gnu-toolchain-11.3.rel1-mingw-w64-i686-arm-none-eabi/bin/../lib/gcc/arm-none-eabi/11.3.1/thumb/v7e-m+fp/hard\libc_nano.a(libc_a-findfp.o)
_fini                                             c:/dev/micro/tools/arm-gnu-toolchain-11.3.rel1-mingw-w64-i686-arm-none-eabi/bin/../lib/gcc/arm-none-eabi/11.3.1/thumb/v7e-m+fp/hard/crti.o
_free_r                                           c:/dev/micro/tools/arm-gnu-toolchain-11.3.rel1-mingw-w64-i686-arm-none-eabi/bin/../lib/gcc/arm-none-eabi/11.3.1/thumb/v7e-m+fp/hard\libc_nano.a(libc_a-freer.o)
                                                  c:/dev/micro/tools/arm-gnu-toolchain-11.3.rel1-mingw-w64-i686-arm-none-eabi/bin/../lib/gcc/arm-none-eabi/11.3.1/thumb/v7e-m+fp/hard\libc_nano.a(libc_a-fflush.o)
                                                  c:/dev/micro/tools/arm-gnu-toolchain-11.3.rel1-mingw-w64-i686-arm-none-eabi/bin/../lib/gcc/arm-none-eabi/11.3.1/thumb/v7e-m+fp/hard\libc_nano.a(libc_a-reent.o)
_fwalk_sglue                                      c:/dev/micro/tools/arm-gnu-toolchain-11.3.rel1-mingw-w64-i686-arm-none-eabi/bin/../lib/gcc/arm-none-eabi/11.3.1/thumb/v7e-m+fp/hard\libc_nano.a(libc_a-fwalk.o)
                                                  c:/dev/micro/tools/arm-gnu-toolchain-11.3.rel1-mingw-w64-i686-arm-none-eabi/bin/../lib/gcc/arm-none-eabi/11.3.1/thumb/v7e-m+fp/hard\libc_nano.a(libc_a-fflush.o)
                                                  c:/dev/micro/tools/arm-gnu-toolchain-11.3.rel1-mingw-w64-i686-arm-none-eabi/bin/../lib/gcc/arm-none-eabi/11.3.1/thumb/v7e-m+fp/hard\libc_nano.a(libc_a-findfp.o)
_impure_data                                      c:/dev/micro/tools/arm-gnu-toolchain-11.3.rel1-mingw-w64-i686-arm-none-eabi/bin/../lib/gcc/arm-none-eabi/11.3.1/thumb/v7e-m+fp/hard\libc_nano.a(libc_a-impure.o)
                                                  c:/dev/micro/tools/arm-gnu-toolchain-11.3.rel1-mingw-w64-i686-arm-none-eabi/bin/../lib/gcc/arm-none-eabi/11.3.1/thumb/v7e-m+fp/hard\libc_nano.a(libc_a-fflush.o)
                                                  c:/dev/micro/tools/arm-gnu-toolchain-11.3.rel1-mingw-w64-i686-arm-none-eabi/bin/../lib/gcc/arm-none-eabi/11.3.1/thumb/v7e-m+fp/hard\libc_nano.a(libc_a-findfp.o)
_impure_ptr                                       c:/dev/micro/tools/arm-gnu-toolchain-11.3.rel1-mingw-w64-i686-arm-none-eabi/bin/../lib/gcc/arm-none-eabi/11.3.1/thumb/v7e-m+fp/hard\libc_nano.a(libc_a-impure.o)
                                                  c:/dev/micro/tools/arm-gnu-toolchain-11.3.rel1-mingw-w64-i686-arm-none-eabi/bin/../lib/gcc/arm-none-eabi/11.3.1/thumb/v7e-m+fp/hard\libc_nano.a(libc_a-fflush.o)
                                                  c:/dev/micro/tools/arm-gnu-toolchain-11.3.rel1-mingw-w64-i686-arm-none-eabi/bin/../lib/gcc/arm-none-eabi/11.3.1/thumb/v7e-m+fp/hard\libc_nano.a(libc_a-reent.o)
_init                                             c:/dev/micro/tools/arm-gnu-toolchain-11.3.rel1-mingw-w64-i686-arm-none-eabi/bin/../lib/gcc/arm-none-eabi/11.3.1/thumb/v7e-m+fp/hard/crti.o
                                                  c:/dev/micro/tools/arm-gnu-toolchain-11.3.rel1-mingw-w64-i686-arm-none-eabi/bin/../lib/gcc/arm-none-eabi/11.3.1/thumb/v7e-m+fp/hard\libc_nano.a(libc_a-init.o)
_lseek                                            c:/dev/micro/tools/arm-gnu-toolchain-11.3.rel1-mingw-w64-i686-arm-none-eabi/bin/../lib/gcc/arm-none-eabi/11.3.1/thumb/v7e-m+fp/hard\libnosys.a(lseek.o)
                                                  c:/dev/micro/tools/arm-gnu-toolchain-11.3.rel1-mingw-w64-i686-arm-none-eabi/bin/../lib/gcc/arm-none-eabi/11.3.1/thumb/v7e-m+fp/hard\libc_nano.a(libc_a-lseekr.o)
_lseek_r                                          c:/dev/micro/tools/arm-gnu-toolchain-11.3.rel1-mingw-w64-i686-arm-none-eabi/bin/../lib/gcc/arm-none-eabi/11.3.1/thumb/v7e-m+fp/hard\libc_nano.a(libc_a-lseekr.o)
                                                  c:/dev/micro/tools/arm-gnu-toolchain-11.3.rel1-mingw-w64-i686-arm-none-eabi/bin/../lib/gcc/arm-none-eabi/11.3.1/thumb/v7e-m+fp/hard\libc_nano.a(libc_a-stdio.o)
_mainCRTStartup                                   c:/dev/micro/tools/arm-gnu-toolchain-11.3.rel1-mingw-w64-i686-arm-none-eabi/bin/../lib/gcc/arm-none-eabi/11.3.1/thumb/v7e-m+fp/hard/crt0.o
_malloc_r                                         c:/dev/micro/tools/arm-gnu-toolchain-11.3.rel1-mingw-w64-i686-arm-none-eabi/bin/../lib/gcc/arm-none-eabi/11.3.1/thumb/v7e-m+fp/hard\libc_nano.a(libc_a-mallocr.o)
                                                  c:/dev/micro/tools/arm-gnu-toolchain-11.3.rel1-mingw-w64-i686-arm-none-eabi/bin/../lib/gcc/arm-none-eabi/11.3.1/thumb/v7e-m+fp/hard\libc_nano.a(libc_a-findfp.o)
_read                                             c:/dev/micro/tools/arm-gnu-toolchain-11.3.rel1-mingw-w64-i686-arm-none-eabi/bin/../lib/gcc/arm-none-eabi/11.3.1/thumb/v7e-m+fp/hard\libnosys.a(read.o)
                                                  c:/dev/micro/tools/arm-gnu-toolchain-11.3.rel1-mingw-w64-i686-arm-none-eabi/bin/../lib/gcc/arm-none-eabi/11.3.1/thumb/v7e-m+fp/hard\libc_nano.a(libc_a-readr.o)
_read_r                                           c:/dev/micro/tools/arm-gnu-toolchain-11.3.rel1-mingw-w64-i686-arm-none-eabi/bin/../lib/gcc/arm-none-eabi/11.3.1/thumb/v7e-m+fp/hard\libc_nano.a(libc_a-readr.o)
                                                  c:/dev/micro/tools/arm-gnu-toolchain-11.3.rel1-mingw-w64-i686-arm-none-eabi/bin/../lib/gcc/arm-none-eabi/11.3.1/thumb/v7e-m+fp/hard\libc_nano.a(libc_a-stdio.o)
_reclaim_reent                                    c:/dev/micro/tools/arm-gnu-toolchain-11.3.rel1-mingw-w64-i686-arm-none-eabi/bin/../lib/gcc/arm-none-eabi/11.3.1/thumb/v7e-m+fp/hard\libc_nano.a(libc_a-reent.o)
_sbrk                                             c:/dev/micro/tools/arm-gnu-toolchain-11.3.rel1-mingw-w64-i686-arm-none-eabi/bin/../lib/gcc/arm-none-eabi/11.3.1/thumb/v7e-m+fp/hard\libnosys.a(sbrk.o)
                                                  c:/dev/micro/tools/arm-gnu-toolchain-11.3.rel1-mingw-w64-i686-arm-none-eabi/bin/../lib/gcc/arm-none-eabi/11.3.1/thumb/v7e-m+fp/hard\libc_nano.a(libc_a-sbrkr.o)
_sbrk_r                                           c:/dev/micro/tools/arm-gnu-toolchain-11.3.rel1-mingw-w64-i686-arm-none-eabi/bin/../lib/gcc/arm-none-eabi/11.3.1/thumb/v7e-m+fp/hard\libc_nano.a(libc_a-sbrkr.o)
                                                  c:/dev/micro/tools/arm-gnu-toolchain-11.3.rel1-mingw-w64-i686-arm-none-eabi/bin/../lib/gcc/arm-none-eabi/11.3.1/thumb/v7e-m+fp/hard\libc_nano.a(libc_a-mallocr.o)
_sbss                                             build/startup_stm32f411xe.o
_sdata                                            build/startup_stm32f411xe.o
_sidata                                           build/startup_stm32f411xe.o
_stack_init                                       c:/dev/micro/tools/arm-gnu-toolchain-11.3.rel1-mingw-w64-i686-arm-none-eabi/bin/../lib/gcc/arm-none-eabi/11.3.1/thumb/v7e-m+fp/hard/crt0.o
_start                                            c:/dev/micro/tools/arm-gnu-toolchain-11.3.rel1-mingw-w64-i686-arm-none-eabi/bin/../lib/gcc/arm-none-eabi/11.3.1/thumb/v7e-m+fp/hard/crt0.o
_write                                            c:/dev/micro/tools/arm-gnu-toolchain-11.3.rel1-mingw-w64-i686-arm-none-eabi/bin/../lib/gcc/arm-none-eabi/11.3.1/thumb/v7e-m+fp/hard\libnosys.a(write.o)
                                                  c:/dev/micro/tools/arm-gnu-toolchain-11.3.rel1-mingw-w64-i686-arm-none-eabi/bin/../lib/gcc/arm-none-eabi/11.3.1/thumb/v7e-m+fp/hard\libc_nano.a(libc_a-writer.o)
_write_r                                          c:/dev/micro/tools/arm-gnu-toolchain-11.3.rel1-mingw-w64-i686-arm-none-eabi/bin/../lib/gcc/arm-none-eabi/11.3.1/thumb/v7e-m+fp/hard\libc_nano.a(libc_a-writer.o)
                                                  c:/dev/micro/tools/arm-gnu-toolchain-11.3.rel1-mingw-w64-i686-arm-none-eabi/bin/../lib/gcc/arm-none-eabi/11.3.1/thumb/v7e-m+fp/hard\libc_nano.a(libc_a-stdio.o)
atexit                                            c:/dev/micro/tools/arm-gnu-toolchain-11.3.rel1-mingw-w64-i686-arm-none-eabi/bin/../lib/gcc/arm-none-eabi/11.3.1/thumb/v7e-m+fp/hard/crt0.o
button_release                                    build/main.o
counter                                           build/main.o
debounce_delay                                    build/main.o
end                                               c:/dev/micro/tools/arm-gnu-toolchain-11.3.rel1-mingw-w64-i686-arm-none-eabi/bin/../lib/gcc/arm-none-eabi/11.3.1/thumb/v7e-m+fp/hard\libnosys.a(sbrk.o)
errno                                             c:/dev/micro/tools/arm-gnu-toolchain-11.3.rel1-mingw-w64-i686-arm-none-eabi/bin/../lib/gcc/arm-none-eabi/11.3.1/thumb/v7e-m+fp/hard\libc_nano.a(libc_a-reent.o)
                                                  c:/dev/micro/tools/arm-gnu-toolchain-11.3.rel1-mingw-w64-i686-arm-none-eabi/bin/../lib/gcc/arm-none-eabi/11.3.1/thumb/v7e-m+fp/hard\libnosys.a(write.o)
                                                  c:/dev/micro/tools/arm-gnu-toolchain-11.3.rel1-mingw-w64-i686-arm-none-eabi/bin/../lib/gcc/arm-none-eabi/11.3.1/thumb/v7e-m+fp/hard\libnosys.a(read.o)
                                                  c:/dev/micro/tools/arm-gnu-toolchain-11.3.rel1-mingw-w64-i686-arm-none-eabi/bin/../lib/gcc/arm-none-eabi/11.3.1/thumb/v7e-m+fp/hard\libnosys.a(lseek.o)
                                                  c:/dev/micro/tools/arm-gnu-toolchain-11.3.rel1-mingw-w64-i686-arm-none-eabi/bin/../lib/gcc/arm-none-eabi/11.3.1/thumb/v7e-m+fp/hard\libnosys.a(close.o)
                                                  c:/dev/micro/tools/arm-gnu-toolchain-11.3.rel1-mingw-w64-i686-arm-none-eabi/bin/../lib/gcc/arm-none-eabi/11.3.1/thumb/v7e-m+fp/hard\libc_nano.a(libc_a-sbrkr.o)
                                                  c:/dev/micro/tools/arm-gnu-toolchain-11.3.rel1-mingw-w64-i686-arm-none-eabi/bin/../lib/gcc/arm-none-eabi/11.3.1/thumb/v7e-m+fp/hard\libc_nano.a(libc_a-writer.o)
                                                  c:/dev/micro/tools/arm-gnu-toolchain-11.3.rel1-mingw-w64-i686-arm-none-eabi/bin/../lib/gcc/arm-none-eabi/11.3.1/thumb/v7e-m+fp/hard\libc_nano.a(libc_a-readr.o)
                                                  c:/dev/micro/tools/arm-gnu-toolchain-11.3.rel1-mingw-w64-i686-arm-none-eabi/bin/../lib/gcc/arm-none-eabi/11.3.1/thumb/v7e-m+fp/hard\libc_nano.a(libc_a-lseekr.o)
                                                  c:/dev/micro/tools/arm-gnu-toolchain-11.3.rel1-mingw-w64-i686-arm-none-eabi/bin/../lib/gcc/arm-none-eabi/11.3.1/thumb/v7e-m+fp/hard\libc_nano.a(libc_a-closer.o)
exit                                              c:/dev/micro/tools/arm-gnu-toolchain-11.3.rel1-mingw-w64-i686-arm-none-eabi/bin/../lib/gcc/arm-none-eabi/11.3.1/thumb/v7e-m+fp/hard\libc_nano.a(libc_a-exit.o)
                                                  c:/dev/micro/tools/arm-gnu-toolchain-11.3.rel1-mingw-w64-i686-arm-none-eabi/bin/../lib/gcc/arm-none-eabi/11.3.1/thumb/v7e-m+fp/hard/crt0.o
fflush                                            c:/dev/micro/tools/arm-gnu-toolchain-11.3.rel1-mingw-w64-i686-arm-none-eabi/bin/../lib/gcc/arm-none-eabi/11.3.1/thumb/v7e-m+fp/hard\libc_nano.a(libc_a-fflush.o)
g_pfnVectors                                      build/startup_stm32f411xe.o
hardware_init_hook                                c:/dev/micro/tools/arm-gnu-toolchain-11.3.rel1-mingw-w64-i686-arm-none-eabi/bin/../lib/gcc/arm-none-eabi/11.3.1/thumb/v7e-m+fp/hard/crt0.o
last_button_press                                 build/main.o
last_led_blink                                    build/main.o
led_blink_delay                                   build/main.o
main                                              build/main.o
                                                  build/startup_stm32f411xe.o
                                                  c:/dev/micro/tools/arm-gnu-toolchain-11.3.rel1-mingw-w64-i686-arm-none-eabi/bin/../lib/gcc/arm-none-eabi/11.3.1/thumb/v7e-m+fp/hard/crt0.o
memset                                            c:/dev/micro/tools/arm-gnu-toolchain-11.3.rel1-mingw-w64-i686-arm-none-eabi/bin/../lib/gcc/arm-none-eabi/11.3.1/thumb/v7e-m+fp/hard\libc_nano.a(libc_a-memset.o)
                                                  c:/dev/micro/tools/arm-gnu-toolchain-11.3.rel1-mingw-w64-i686-arm-none-eabi/bin/../lib/gcc/arm-none-eabi/11.3.1/thumb/v7e-m+fp/hard\libc_nano.a(libc_a-findfp.o)
                                                  c:/dev/micro/tools/arm-gnu-toolchain-11.3.rel1-mingw-w64-i686-arm-none-eabi/bin/../lib/gcc/arm-none-eabi/11.3.1/thumb/v7e-m+fp/hard/crt0.o
pFlash                                            build/stm32f4xx_hal_flash.o
                                                  build/stm32f4xx_hal_flash_ex.o
software_init_hook                                c:/dev/micro/tools/arm-gnu-toolchain-11.3.rel1-mingw-w64-i686-arm-none-eabi/bin/../lib/gcc/arm-none-eabi/11.3.1/thumb/v7e-m+fp/hard/crt0.o
update_leds                                       build/main.o
uwTick                                            build/stm32f4xx_hal.o
uwTickFreq                                        build/stm32f4xx_hal.o
uwTickPrio                                        build/stm32f4xx_hal.o
                                                  build/stm32f4xx_hal_rcc_ex.o
                                                  build/stm32f4xx_hal_rcc.o
